Archive member included to satisfy reference by file (symbol)

/opt/aiglass_dev_env/sysdrv/source/mcu/rt-thread/applications/battery-ipc/lib/libfastae_gcc.a(ae.o)
                              build/applications/battery-ipc/fast_ae.o (FixPrint)
/opt/aiglass_dev_env/sysdrv/source/mcu/rt-thread/applications/battery-ipc/lib/libfastawb_gcc.a(awb.o)
                              build/applications/battery-ipc/fast_ae.o (calc_wbgain)
/opt/aiglass_dev_env/sysdrv/source/mcu/prebuilts/gcc/linux-x86/riscv64/xpack-riscv-none-embed-gcc-10.2.0-1.2/bin/../lib/gcc/riscv-none-embed/10.2.0/../../../../riscv-none-embed/lib/rv32imc/ilp32/libc_nano.a(lib_a-atoi.o)
                              build/applications/battery-ipc/stream.o (atoi)
/opt/aiglass_dev_env/sysdrv/source/mcu/prebuilts/gcc/linux-x86/riscv64/xpack-riscv-none-embed-gcc-10.2.0-1.2/bin/../lib/gcc/riscv-none-embed/10.2.0/../../../../riscv-none-embed/lib/rv32imc/ilp32/libc_nano.a(lib_a-fclose.o)
                              build/kernel/components/libc/compilers/newlib/stdio.o (fclose)
/opt/aiglass_dev_env/sysdrv/source/mcu/prebuilts/gcc/linux-x86/riscv64/xpack-riscv-none-embed-gcc-10.2.0-1.2/bin/../lib/gcc/riscv-none-embed/10.2.0/../../../../riscv-none-embed/lib/rv32imc/ilp32/libc_nano.a(lib_a-fflush.o)
                              /opt/aiglass_dev_env/sysdrv/source/mcu/prebuilts/gcc/linux-x86/riscv64/xpack-riscv-none-embed-gcc-10.2.0-1.2/bin/../lib/gcc/riscv-none-embed/10.2.0/../../../../riscv-none-embed/lib/rv32imc/ilp32/libc_nano.a(lib_a-fclose.o) (__sflush_r)
/opt/aiglass_dev_env/sysdrv/source/mcu/prebuilts/gcc/linux-x86/riscv64/xpack-riscv-none-embed-gcc-10.2.0-1.2/bin/../lib/gcc/riscv-none-embed/10.2.0/../../../../riscv-none-embed/lib/rv32imc/ilp32/libc_nano.a(lib_a-fileno.o)
                              build/kernel/components/libc/compilers/newlib/stdio.o (fileno)
/opt/aiglass_dev_env/sysdrv/source/mcu/prebuilts/gcc/linux-x86/riscv64/xpack-riscv-none-embed-gcc-10.2.0-1.2/bin/../lib/gcc/riscv-none-embed/10.2.0/../../../../riscv-none-embed/lib/rv32imc/ilp32/libc_nano.a(lib_a-findfp.o)
                              /opt/aiglass_dev_env/sysdrv/source/mcu/prebuilts/gcc/linux-x86/riscv64/xpack-riscv-none-embed-gcc-10.2.0-1.2/bin/../lib/gcc/riscv-none-embed/10.2.0/../../../../riscv-none-embed/lib/rv32imc/ilp32/libc_nano.a(lib_a-fclose.o) (__sinit)
/opt/aiglass_dev_env/sysdrv/source/mcu/prebuilts/gcc/linux-x86/riscv64/xpack-riscv-none-embed-gcc-10.2.0-1.2/bin/../lib/gcc/riscv-none-embed/10.2.0/../../../../riscv-none-embed/lib/rv32imc/ilp32/libc_nano.a(lib_a-fopen.o)
                              build/kernel/components/libc/compilers/newlib/stdio.o (fopen)
/opt/aiglass_dev_env/sysdrv/source/mcu/prebuilts/gcc/linux-x86/riscv64/xpack-riscv-none-embed-gcc-10.2.0-1.2/bin/../lib/gcc/riscv-none-embed/10.2.0/../../../../riscv-none-embed/lib/rv32imc/ilp32/libc_nano.a(lib_a-fseek.o)
                              /opt/aiglass_dev_env/sysdrv/source/mcu/prebuilts/gcc/linux-x86/riscv64/xpack-riscv-none-embed-gcc-10.2.0-1.2/bin/../lib/gcc/riscv-none-embed/10.2.0/../../../../riscv-none-embed/lib/rv32imc/ilp32/libc_nano.a(lib_a-fopen.o) (_fseek_r)
/opt/aiglass_dev_env/sysdrv/source/mcu/prebuilts/gcc/linux-x86/riscv64/xpack-riscv-none-embed-gcc-10.2.0-1.2/bin/../lib/gcc/riscv-none-embed/10.2.0/../../../../riscv-none-embed/lib/rv32imc/ilp32/libc_nano.a(lib_a-fseeko.o)
                              /opt/aiglass_dev_env/sysdrv/source/mcu/prebuilts/gcc/linux-x86/riscv64/xpack-riscv-none-embed-gcc-10.2.0-1.2/bin/../lib/gcc/riscv-none-embed/10.2.0/../../../../riscv-none-embed/lib/rv32imc/ilp32/libc_nano.a(lib_a-fseek.o) (_fseeko_r)
/opt/aiglass_dev_env/sysdrv/source/mcu/prebuilts/gcc/linux-x86/riscv64/xpack-riscv-none-embed-gcc-10.2.0-1.2/bin/../lib/gcc/riscv-none-embed/10.2.0/../../../../riscv-none-embed/lib/rv32imc/ilp32/libc_nano.a(lib_a-fwalk.o)
                              /opt/aiglass_dev_env/sysdrv/source/mcu/prebuilts/gcc/linux-x86/riscv64/xpack-riscv-none-embed-gcc-10.2.0-1.2/bin/../lib/gcc/riscv-none-embed/10.2.0/../../../../riscv-none-embed/lib/rv32imc/ilp32/libc_nano.a(lib_a-findfp.o) (_fwalk)
/opt/aiglass_dev_env/sysdrv/source/mcu/prebuilts/gcc/linux-x86/riscv64/xpack-riscv-none-embed-gcc-10.2.0-1.2/bin/../lib/gcc/riscv-none-embed/10.2.0/../../../../riscv-none-embed/lib/rv32imc/ilp32/libc_nano.a(lib_a-impure.o)
                              build/kernel/components/libc/compilers/newlib/stdio.o (_global_impure_ptr)
/opt/aiglass_dev_env/sysdrv/source/mcu/prebuilts/gcc/linux-x86/riscv64/xpack-riscv-none-embed-gcc-10.2.0-1.2/bin/../lib/gcc/riscv-none-embed/10.2.0/../../../../riscv-none-embed/lib/rv32imc/ilp32/libc_nano.a(lib_a-makebuf.o)
                              /opt/aiglass_dev_env/sysdrv/source/mcu/prebuilts/gcc/linux-x86/riscv64/xpack-riscv-none-embed-gcc-10.2.0-1.2/bin/../lib/gcc/riscv-none-embed/10.2.0/../../../../riscv-none-embed/lib/rv32imc/ilp32/libc_nano.a(lib_a-fseeko.o) (__smakebuf_r)
[...]
Memory Configuration

Name             Origin             Length             Attributes
RAM              0x0000000000040000 0x000000000003c000 xrw
*default*        0x0000000000000000 0xffffffffffffffff

Linker script and memory map

LOAD /opt/aiglass_dev_env/sysdrv/source/mcu/prebuilts/gcc/linux-x86/riscv64/xpack-riscv-none-embed-gcc-10.2.0-1.2/bin/../lib/gcc/riscv-none-embed/10.2.0/../../../../riscv-none-embed/lib/rv32imc/ilp32/libc_nano.a
LOAD build/common/hal/hal/lib/CMSIS/Device/RV1103B/Source/Templates/system_rv1103b_mcu.o
LOAD build/common/hal/hal/lib/hal/src/hal_acdcdig.o
LOAD build/common/hal/hal/lib/hal/src/hal_acdcdig_dsm.o
LOAD build/common/hal/hal/lib/hal/src/hal_acdcdigv2.o
LOAD build/common/hal/hal/lib/hal/src/hal_asrc.o
LOAD build/common/hal/hal/lib/hal/src/hal_audiopwm.o
LOAD build/common/hal/hal/lib/hal/src/hal_base.o
LOAD build/common/hal/hal/lib/hal/src/hal_base_ex.o
LOAD build/common/hal/hal/lib/hal/src/hal_bufmgr.o
LOAD build/common/hal/hal/lib/hal/src/hal_cache.o
LOAD build/common/hal/hal/lib/hal/src/hal_cache_ecc.o
LOAD build/common/hal/hal/lib/hal/src/hal_canfd.o
LOAD build/common/hal/hal/lib/hal/src/hal_ckcal.o
LOAD build/common/hal/hal/lib/hal/src/hal_cpu_topology.o
LOAD build/common/hal/hal/lib/hal/src/hal_ddr_ecc.o
LOAD build/common/hal/hal/lib/hal/src/hal_debug.o
LOAD build/common/hal/hal/lib/hal/src/hal_demo.o
LOAD build/common/hal/hal/lib/hal/src/hal_dwdma.o
LOAD build/common/hal/hal/lib/hal/src/hal_efuse.o
LOAD build/common/hal/hal/lib/hal/src/hal_ehci.o
LOAD build/common/hal/hal/lib/hal/src/hal_ehci_iso.o
LOAD build/common/hal/hal/lib/hal/src/hal_facc.o
LOAD build/common/hal/hal/lib/hal/src/hal_fspi.o
LOAD build/common/hal/hal/lib/hal/src/hal_gic.o
LOAD build/common/hal/hal/lib/hal/src/hal_gpio.o
LOAD build/common/hal/hal/lib/hal/src/hal_gpio_irq_group.o
LOAD build/common/hal/hal/lib/hal/src/hal_hcd.o
LOAD build/common/hal/hal/lib/hal/src/hal_hwspinlock.o
LOAD build/common/hal/hal/lib/hal/src/hal_hyperpsram.o
LOAD build/common/hal/hal/lib/hal/src/hal_i2c.o
LOAD build/common/hal/hal/lib/hal/src/hal_i2s.o
LOAD build/common/hal/hal/lib/hal/src/hal_i2stdm.o
LOAD build/common/hal/hal/lib/hal/src/hal_intmux.o
LOAD build/common/hal/hal/lib/hal/src/hal_irq_handler.o
LOAD build/common/hal/hal/lib/hal/src/hal_keyctrl.o
LOAD build/common/hal/hal/lib/hal/src/hal_mbox.o
LOAD build/common/hal/hal/lib/hal/src/hal_nvic.o
LOAD build/common/hal/hal/lib/hal/src/hal_ohci.o
LOAD build/common/hal/hal/lib/hal/src/hal_otp.o
LOAD build/common/hal/hal/lib/hal/src/hal_pcd.o
LOAD build/common/hal/hal/lib/hal/src/hal_pcd_ex.o
LOAD build/common/hal/hal/lib/hal/src/hal_pci_core.o
LOAD build/common/hal/hal/lib/hal/src/hal_pcie.o
LOAD build/common/hal/hal/lib/hal/src/hal_pd.o
LOAD build/common/hal/hal/lib/hal/src/hal_pdm.o
LOAD build/common/hal/hal/lib/hal/src/hal_pdm_v2.o
LOAD build/common/hal/hal/lib/hal/src/hal_pl330.o
LOAD build/common/hal/hal/lib/hal/src/hal_pvtm.o
LOAD build/common/hal/hal/lib/hal/src/hal_pwm.o
LOAD build/common/hal/hal/lib/hal/src/hal_pwr.o
LOAD build/common/hal/hal/lib/hal/src/hal_qpipsram.o
LOAD build/common/hal/hal/lib/hal/src/hal_riscvic.o
LOAD build/common/hal/hal/lib/hal/src/hal_rknpu.o
LOAD build/common/hal/hal/lib/hal/src/hal_sai.o
LOAD build/common/hal/hal/lib/hal/src/hal_saradc.o
LOAD build/common/hal/hal/lib/hal/src/hal_sdio.o
LOAD build/common/hal/hal/lib/hal/src/hal_sfc.o
LOAD build/common/hal/hal/lib/hal/src/hal_smccc.o
LOAD build/common/hal/hal/lib/hal/src/hal_snor.o
LOAD build/common/hal/hal/lib/hal/src/hal_spdifrx.o
LOAD build/common/hal/hal/lib/hal/src/hal_spdiftx.o
LOAD build/common/hal/hal/lib/hal/src/hal_spi.o
LOAD build/common/hal/hal/lib/hal/src/hal_spi2ahb.o
LOAD build/common/hal/hal/lib/hal/src/hal_spi2apb.o
LOAD build/common/hal/hal/lib/hal/src/hal_spinand.o
LOAD build/common/hal/hal/lib/hal/src/hal_spinlock.o
LOAD build/common/hal/hal/lib/hal/src/hal_systick.o
LOAD build/common/hal/hal/lib/hal/src/hal_timer.o
LOAD build/common/hal/hal/lib/hal/src/hal_touchkey.o
LOAD build/common/hal/hal/lib/hal/src/hal_trng.o
LOAD build/common/hal/hal/lib/hal/src/hal_tsadc.o
LOAD build/common/hal/hal/lib/hal/src/hal_uart.o
LOAD build/common/hal/hal/lib/hal/src/hal_usb_core.o
LOAD build/common/hal/hal/lib/hal/src/hal_usb_phy.o
LOAD build/common/hal/hal/lib/hal/src/hal_usbh.o
LOAD build/common/hal/hal/lib/hal/src/hal_vad.o
LOAD build/common/hal/hal/lib/hal/src/hal_vdma.o
LOAD build/common/hal/hal/lib/hal/src/hal_vicap.o
LOAD build/common/hal/hal/lib/hal/src/hal_wdt.o
LOAD build/common/hal/hal/lib/hal/src/codec/hal_acodec_rk2106.o
LOAD build/common/hal/hal/lib/hal/src/codec/hal_acodec_rk3308.o
LOAD build/common/hal/hal/lib/hal/src/codec/hal_acodec_rk3506.o
LOAD build/common/hal/hal/lib/hal/src/cru/hal_cru.o
LOAD build/common/hal/hal/lib/hal/src/cru/hal_cru_koala.o
LOAD build/common/hal/hal/lib/hal/src/cru/hal_cru_pisces.o
LOAD build/common/hal/hal/lib/hal/src/cru/hal_cru_rk1808.o
LOAD build/common/hal/hal/lib/hal/src/cru/hal_cru_rk2106.o
LOAD build/common/hal/hal/lib/hal/src/cru/hal_cru_rk2108.o
LOAD build/common/hal/hal/lib/hal/src/cru/hal_cru_rk2118.o
LOAD build/common/hal/hal/lib/hal/src/cru/hal_cru_rk2206.o
LOAD build/common/hal/hal/lib/hal/src/cru/hal_cru_rk3308.o
LOAD build/common/hal/hal/lib/hal/src/cru/hal_cru_rk3358.o
LOAD build/common/hal/hal/lib/hal/src/cru/hal_cru_rk3506.o
LOAD build/common/hal/hal/lib/hal/src/cru/hal_cru_rk3562.o
LOAD build/common/hal/hal/lib/hal/src/cru/hal_cru_rk3568.o
LOAD build/common/hal/hal/lib/hal/src/cru/hal_cru_rk3576.o
LOAD build/common/hal/hal/lib/hal/src/cru/hal_cru_rk3588.o
LOAD build/common/hal/hal/lib/hal/src/cru/hal_cru_rv1103b.o
LOAD build/common/hal/hal/lib/hal/src/cru/hal_cru_rv1106.o
LOAD build/common/hal/hal/lib/hal/src/cru/hal_cru_rv1108.o
LOAD build/common/hal/hal/lib/hal/src/cru/hal_cru_rv1126.o
LOAD build/common/hal/hal/lib/hal/src/cru/hal_cru_swallow.o
LOAD build/common/hal/hal/lib/hal/src/crypto/hal_crypto.o
LOAD build/common/hal/hal/lib/hal/src/crypto/hal_crypto_pka.o
LOAD build/common/hal/hal/lib/hal/src/crypto/hal_crypto_trng.o
LOAD build/common/hal/hal/lib/hal/src/display/hal_dsi.o
LOAD build/common/hal/hal/lib/hal/src/display/hal_dw_mipi_dsi.o
LOAD build/common/hal/hal/lib/hal/src/display/hal_inno_mipi_dphy.o
LOAD build/common/hal/hal/lib/hal/src/display/hal_vop2_rk3568.o
LOAD build/common/hal/hal/lib/hal/src/display/hal_vop_rk2108.o
LOAD build/common/hal/hal/lib/hal/src/display/hal_vop_rk2118.o
LOAD build/common/hal/hal/lib/hal/src/display/hal_vop_rk3308.o
LOAD build/common/hal/hal/lib/hal/src/display/hal_vop_rk3506.o
LOAD build/common/hal/hal/lib/hal/src/display/hal_vop_rv1106.o
LOAD build/common/hal/hal/lib/hal/src/display/hal_vop_rv1126.o
LOAD build/common/hal/hal/lib/hal/src/dsp/hal_dsp_koala.o
LOAD build/common/hal/hal/lib/hal/src/dsp/hal_dsp_rk2108.o
LOAD build/common/hal/hal/lib/hal/src/dsp/hal_dsp_rk2206.o
LOAD build/common/hal/hal/lib/hal/src/flexbus/hal_flexbus.o
LOAD build/common/hal/hal/lib/hal/src/flexbus/hal_flexbus_adc.o
LOAD build/common/hal/hal/lib/hal/src/flexbus/hal_flexbus_dac.o
LOAD build/common/hal/hal/lib/hal/src/flexbus/hal_flexbus_rk3506.o
LOAD build/common/hal/hal/lib/hal/src/gmac/hal_gmac.o
LOAD build/common/hal/hal/lib/hal/src/gmac/hal_gmac1000.o
LOAD build/common/hal/hal/lib/hal/src/gmac/hal_gmac_rk2118.o
LOAD build/common/hal/hal/lib/hal/src/gmac/hal_gmac_rk3308.o
LOAD build/common/hal/hal/lib/hal/src/gmac/hal_gmac_rk3358.o
LOAD build/common/hal/hal/lib/hal/src/gmac/hal_gmac_rk3506.o
LOAD build/common/hal/hal/lib/hal/src/gmac/hal_gmac_rk3562.o
LOAD build/common/hal/hal/lib/hal/src/gmac/hal_gmac_rk3568.o
LOAD build/common/hal/hal/lib/hal/src/pinctrl/hal_pinctrl.o
LOAD build/common/hal/hal/lib/hal/src/pinctrl/hal_pinctrl_iofunc.o
LOAD build/common/hal/hal/lib/hal/src/pinctrl/hal_pinctrl_rk2118.o
LOAD build/common/hal/hal/lib/hal/src/pinctrl/hal_pinctrl_rk3308.o
LOAD build/common/hal/hal/lib/hal/src/pinctrl/hal_pinctrl_rk3358.o
LOAD build/common/hal/hal/lib/hal/src/pinctrl/hal_pinctrl_rk3506.o
LOAD build/common/hal/hal/lib/hal/src/pinctrl/hal_pinctrl_rk3562.o
LOAD build/common/hal/hal/lib/hal/src/pinctrl/hal_pinctrl_rk3576.o
LOAD build/common/hal/hal/lib/hal/src/pinctrl/hal_pinctrl_rk3588.o
LOAD build/common/hal/hal/lib/hal/src/pinctrl/hal_pinctrl_rv1103b.o
LOAD build/common/hal/hal/lib/hal/src/pinctrl/hal_pinctrl_rv1106.o
LOAD build/common/hal/hal/lib/hal/src/pinctrl/hal_pinctrl_v2.o
LOAD build/common/hal/hal/lib/hal/src/pm/hal_pm_cpu.o
LOAD build/common/hal/hal/lib/hal/src/pm/hal_pm_pisces.o
LOAD build/common/hal/hal/lib/hal/src/pm/hal_pm_rk2108.o
LOAD build/common/hal/hal/lib/hal/src/pm/hal_pm_rk2206.o
LOAD build/common/hal/hal/lib/bsp/RV1103B/hal_bsp.o
LOAD build/common/hal/hal/lib/CMSIS/Device/RV1103B/Source/Templates/GCC/start_rv1103b_mcu.o
LOAD build/common/hal/hal/lib/hal/src/pm/hal_cpu_sleep.o
LOAD build/applications/main.o
LOAD build/board/board/rv1103b_evb2-SC200AI-ADC/board.o
LOAD build/board/board/rv1103b_evb2-SC200AI-ADC/iomux.o
LOAD build/board/board/common/board_base.o
LOAD build/board/board/common/board_cam.o
LOAD build/board/board/common/iomux_base.o
LOAD build/drivers/int_mux.o
LOAD build/drivers/timer.o
LOAD build/common/drivers/dma.o
LOAD build/common/drivers/drv_backlight.o
LOAD build/common/drivers/drv_cache.o
LOAD build/common/drivers/drv_cache_ecc.o
LOAD build/common/drivers/drv_canfd.o
LOAD build/common/drivers/drv_clock.o
LOAD build/common/drivers/drv_debug.o
LOAD build/common/drivers/drv_display.o
LOAD build/common/drivers/drv_dsi.o
LOAD build/common/drivers/drv_dsp.o
LOAD build/common/drivers/drv_dvfs.o
LOAD build/common/drivers/drv_dw_pcie.o
LOAD build/common/drivers/drv_dwdma.o
LOAD build/common/drivers/drv_fault_dump.o
LOAD build/common/drivers/drv_flash_partition.o
LOAD build/common/drivers/drv_fspi.o
LOAD build/common/drivers/drv_gmac.o
LOAD build/common/drivers/drv_gpio.o
LOAD build/common/drivers/drv_heap.o
LOAD build/common/drivers/drv_i2c.o
LOAD build/common/drivers/drv_keyctrl.o
LOAD build/common/drivers/drv_panel.o
LOAD build/common/drivers/drv_pcie_dma.o
LOAD build/common/drivers/drv_pl330.o
LOAD build/common/drivers/drv_pm.o
LOAD build/common/drivers/drv_pmic.o
LOAD build/common/drivers/drv_psram.o
LOAD build/common/drivers/drv_pstore.o
LOAD build/common/drivers/drv_pwm.o
LOAD build/common/drivers/drv_pwm_regulator.o
LOAD build/common/drivers/drv_qpipsram.o
LOAD build/common/drivers/drv_regulator.o
LOAD build/common/drivers/drv_saradc.o
LOAD build/common/drivers/drv_sdio.o
LOAD build/common/drivers/drv_snor.o
LOAD build/common/drivers/drv_spi.o
LOAD build/common/drivers/drv_spi2apb.o
LOAD build/common/drivers/drv_spi_screen.o
LOAD build/common/drivers/drv_spinand.o
LOAD build/common/drivers/drv_touchkey.o
LOAD build/common/drivers/drv_uart.o
LOAD build/common/drivers/drv_usage.o
LOAD build/common/drivers/drv_usbd.o
LOAD build/common/drivers/drv_usbh.o
LOAD build/common/drivers/drv_usbhost.o
LOAD build/common/drivers/drv_vop.o
LOAD build/common/drivers/drv_wdt.o
LOAD build/common/drivers/dsp.o
LOAD build/common/drivers/gpio.o
LOAD build/common/drivers/interrupt.o
LOAD build/common/drivers/io.o
LOAD build/common/drivers/mini_ftl.o
LOAD build/common/drivers/reset.o
LOAD build/common/drivers/isp3/drv_isp3.o
LOAD build/common/drivers/isp3/drv_isp3_subdev.o
LOAD build/common/drivers/isp3/drv_isp_module.o
LOAD build/common/drivers/isp3/isp3.o
LOAD build/common/drivers/isp3/isp3_external.o
LOAD build/common/drivers/camera/camera.o
LOAD build/common/drivers/camera/drv_f37.o
LOAD build/common/drivers/camera/drv_gc2053.o
LOAD build/common/drivers/camera/drv_gc2093.o
LOAD build/common/drivers/camera/drv_gc2145.o
LOAD build/common/drivers/camera/drv_gc3003.o
LOAD build/common/drivers/camera/drv_gc5035.o
LOAD build/common/drivers/camera/drv_gt9760s.o
LOAD build/common/drivers/camera/drv_os04e10.o
LOAD build/common/drivers/camera/drv_ov02k10.o
LOAD build/common/drivers/camera/drv_ov5695.o
LOAD build/common/drivers/camera/drv_ov8825.o
LOAD build/common/drivers/camera/drv_ps5458.o
LOAD build/common/drivers/camera/drv_sc200ai.o
LOAD build/common/drivers/camera/drv_sc230ai.o
LOAD build/common/drivers/camera/drv_sc231hai.o
LOAD build/common/drivers/camera/drv_sc2336.o
LOAD build/common/drivers/camera/drv_sc301iot.o
LOAD build/common/drivers/camera/drv_sc3336.o
LOAD build/common/drivers/camera/drv_sc3338.o
LOAD build/common/drivers/camera/drv_sc401ai.o
LOAD build/common/drivers/camera/drv_sc4336.o
LOAD build/common/drivers/camera/drv_sc4336p.o
LOAD build/common/drivers/camera/drv_sc450ai.o
LOAD build/common/drivers/camera/drv_sc501ai.o
LOAD build/common/drivers/camera/drv_sc530ai.o
LOAD build/common/drivers/camera/drv_sc850sl.o
LOAD build/common/drivers/camera/vcm.o
LOAD build/common/drivers/camera/adapter/adapter.o
LOAD build/applications/start_app/application.o
LOAD build/applications/start_app/backtrace.o
LOAD build/applications/battery-ipc/fast_ae.o
LOAD build/applications/battery-ipc/rkaiq_calib.o
LOAD build/applications/battery-ipc/rkaiq_fastawb33.o
LOAD build/applications/battery-ipc/rkaiq_parse_iq.o
LOAD build/applications/battery-ipc/stream.o
LOAD build/kernel/src/clock.o
LOAD build/kernel/src/components.o
LOAD build/kernel/src/device.o
LOAD build/kernel/src/idle.o
LOAD build/kernel/src/ipc.o
LOAD build/kernel/src/irq.o
LOAD build/kernel/src/kservice.o
LOAD build/kernel/src/mem.o
LOAD build/kernel/src/mempool.o
LOAD build/kernel/src/object.o
LOAD build/kernel/src/scheduler.o
LOAD build/kernel/src/signal.o
LOAD build/kernel/src/thread.o
LOAD build/kernel/src/timer.o
LOAD build/kernel/libcpu/risc-v/scr1/interrupt.o
LOAD build/kernel/libcpu/risc-v/scr1/stack.o
LOAD build/kernel/libcpu/risc-v/scr1/context_gcc.o
LOAD build/kernel/libcpu/risc-v/scr1/entry_gcc.o
LOAD build/kernel/components/libc/compilers/common/gmtime_r.o
LOAD build/kernel/components/libc/compilers/newlib/libc.o
LOAD build/kernel/components/libc/compilers/newlib/libc_syms.o
LOAD build/kernel/components/libc/compilers/newlib/stdio.o
LOAD build/kernel/components/libc/compilers/newlib/syscalls.o
LOAD build/kernel/components/libc/compilers/newlib/time.o
LOAD build/kernel/components/drivers/i2c/i2c_core.o
LOAD build/kernel/components/drivers/i2c/i2c_dev.o
LOAD build/kernel/components/drivers/serial/serial.o
LOAD build/kernel/components/drivers/src/completion.o
LOAD build/kernel/components/drivers/src/dataqueue.o
LOAD build/kernel/components/drivers/src/pipe.o
LOAD build/kernel/components/drivers/src/ringblk_buf.o
LOAD build/kernel/components/drivers/src/ringbuffer.o
LOAD build/kernel/components/drivers/src/waitqueue.o
LOAD build/kernel/components/drivers/src/workqueue.o
LOAD build/kernel/components/drivers/misc/pin.o
LOAD build/kernel/components/drivers/misc/adc.o
LOAD build/kernel/components/drivers/misc/rt_drv_pwm.o
LOAD /opt/aiglass_dev_env/sysdrv/source/mcu/rt-thread/applications/battery-ipc/lib/libfastae_gcc.a
LOAD /opt/aiglass_dev_env/sysdrv/source/mcu/rt-thread/applications/battery-ipc/lib/libfastawb_gcc.a
LOAD /opt/aiglass_dev_env/sysdrv/source/mcu/prebuilts/gcc/linux-x86/riscv64/xpack-riscv-none-embed-gcc-10.2.0-1.2/bin/../lib/gcc/riscv-none-embed/10.2.0/../../../../riscv-none-embed/lib/rv32imc/ilp32/libc_nano.a
LOAD /opt/aiglass_dev_env/sysdrv/source/mcu/prebuilts/gcc/linux-x86/riscv64/xpack-riscv-none-embed-gcc-10.2.0-1.2/bin/../lib/gcc/riscv-none-embed/10.2.0/../../../../riscv-none-embed/lib/rv32imc/ilp32/libm.a
LOAD /opt/aiglass_dev_env/sysdrv/source/mcu/prebuilts/gcc/linux-x86/riscv64/xpack-riscv-none-embed-gcc-10.2.0-1.2/bin/../lib/gcc/riscv-none-embed/10.2.0/rv32imc/ilp32/libgcc.a
LOAD /opt/aiglass_dev_env/sysdrv/source/mcu/prebuilts/gcc/linux-x86/riscv64/xpack-riscv-none-embed-gcc-10.2.0-1.2/bin/../lib/gcc/riscv-none-embed/10.2.0/../../../../riscv-none-embed/lib/rv32imc/ilp32/libc_nano.a
LOAD /opt/aiglass_dev_env/sysdrv/source/mcu/prebuilts/gcc/linux-x86/riscv64/xpack-riscv-none-embed-gcc-10.2.0-1.2/bin/../lib/gcc/riscv-none-embed/10.2.0/rv32imc/ilp32/libgcc.a
START GROUP
LOAD /opt/aiglass_dev_env/sysdrv/source/mcu/prebuilts/gcc/linux-x86/riscv64/xpack-riscv-none-embed-gcc-10.2.0-1.2/bin/../lib/gcc/riscv-none-embed/10.2.0/rv32imc/ilp32/libgcc.a
LOAD /opt/aiglass_dev_env/sysdrv/source/mcu/prebuilts/gcc/linux-x86/riscv64/xpack-riscv-none-embed-gcc-10.2.0-1.2/bin/../lib/gcc/riscv-none-embed/10.2.0/../../../../riscv-none-embed/lib/rv32imc/ilp32/libc_nano.a
END GROUP
                0x0000000000000800                STACK_SIZE = 0x800
                0x0000000000000000                CL_SIZE = 0x0

.text           0x0000000000040000    0x13dec
                [!provide]                        PROVIDE (__TEXT_START__ = .)
 *start_rv1103b_mcu.o(.text .text.*)
 .text          0x0000000000040000      0x272 build/common/hal/hal/lib/CMSIS/Device/RV1103B/Source/Templates/GCC/start_rv1103b_mcu.o
                0x0000000000040200                _start
                0x0000000000040224                _wfi
                0x000000000004022a                _fence
                0x0000000000040230                clear_bss
                0x0000000000040252                entry
                0x0000000000040254                sc_exit
 *(.text .text.*)
 .text.SystemInit
                0x0000000000040272       0x34 build/common/hal/hal/lib/CMSIS/Device/RV1103B/Source/Templates/system_rv1103b_mcu.o
                0x0000000000040272                SystemInit
 .text.HAL_Init
                0x00000000000402a6       0x18 build/common/hal/hal/lib/hal/src/hal_base.o
                0x00000000000402a6                HAL_Init
 .text.HAL_DelayUs
                0x00000000000402be       0x6c build/common/hal/hal/lib/hal/src/hal_base.o
                0x00000000000402be                HAL_DelayUs
 .text.HAL_DelayMs
                0x000000000004032a       0x26 build/common/hal/hal/lib/hal/src/hal_base.o
                0x000000000004032a                HAL_DelayMs
 *fill*         0x0000000000040350       0x30 
 .text.HAL_CPUDelayUs
                0x0000000000040380       0x8a build/common/hal/hal/lib/hal/src/hal_base.o
                0x0000000000040380                HAL_CPUDelayUs
 .text.HAL_DivU64Rem
                0x000000000004040a       0xa6 build/common/hal/hal/lib/hal/src/hal_base_ex.o
                0x000000000004040a                HAL_DivU64Rem
 .text.HAL_DCACHE_Disable
                0x00000000000404b0       0x18 build/common/hal/hal/lib/hal/src/hal_cache.o
                0x00000000000404b0                HAL_DCACHE_Disable
 .text.HAL_DCACHE_InvalidateByRange
                0x00000000000404c8       0x2c build/common/hal/hal/lib/hal/src/hal_cache.o
                0x00000000000404c8                HAL_DCACHE_InvalidateByRange
 .text.HAL_DCACHE_CleanByRange
                0x00000000000404f4       0x2c build/common/hal/hal/lib/hal/src/hal_cache.o
                0x00000000000404f4                HAL_DCACHE_CleanByRange
 .text.HAL_DCACHE_CleanInvalidateByRange
                0x0000000000040520       0x2c build/common/hal/hal/lib/hal/src/hal_cache.o
                0x0000000000040520                HAL_DCACHE_CleanInvalidateByRange
 .text.HAL_DCACHE_CleanInvalidate
                0x000000000004054c       0x28 build/common/hal/hal/lib/hal/src/hal_cache.o
                0x000000000004054c                HAL_DCACHE_CleanInvalidate
 .text.HAL_GPIO_SetIntType
                0x0000000000040574       0x8a build/common/hal/hal/lib/hal/src/hal_gpio.o
                0x0000000000040574                HAL_GPIO_SetIntType
 .text.HAL_GPIO_SetPinDirection
                0x00000000000405fe       0x28 build/common/hal/hal/lib/hal/src/hal_gpio.o
                0x00000000000405fe                HAL_GPIO_SetPinDirection
 .text.HAL_GPIO_SetPinLevel
                0x0000000000040626       0x28 build/common/hal/hal/lib/hal/src/hal_gpio.o
                0x0000000000040626                HAL_GPIO_SetPinLevel
 .text.HAL_GPIO_GetPinLevel
                0x000000000004064e        0xa build/common/hal/hal/lib/hal/src/hal_gpio.o
                0x000000000004064e                HAL_GPIO_GetPinLevel
 .text.HAL_GPIO_EnableIRQ
                0x0000000000040658       0x1e build/common/hal/hal/lib/hal/src/hal_gpio.o
                0x0000000000040658                HAL_GPIO_EnableIRQ
 .text.HAL_GPIO_DisableIRQ
                0x0000000000040676       0x1e build/common/hal/hal/lib/hal/src/hal_gpio.o
                0x0000000000040676                HAL_GPIO_DisableIRQ
 .text.HAL_GPIO_IRQHandler
                0x0000000000040694       0xa8 build/common/hal/hal/lib/hal/src/hal_gpio.o
                0x0000000000040694                HAL_GPIO_IRQHandler
 .text.I2C_Stop
                0x000000000004073c       0x44 build/common/hal/hal/lib/hal/src/hal_i2c.o
 .text.I2C_FillTransmitBuf.isra.0
                0x0000000000040780       0x76 build/common/hal/hal/lib/hal/src/hal_i2c.o
 .text.I2C_PrepareRead.isra.0
                0x00000000000407f6       0x2e build/common/hal/hal/lib/hal/src/hal_i2c.o
 .text.HAL_I2C_AdaptDIV
                0x0000000000040824       0xec build/common/hal/hal/lib/hal/src/hal_i2c.o
                0x0000000000040824                HAL_I2C_AdaptDIV
 .text.HAL_I2C_IRQHandler
                0x0000000000040910      0x152 build/common/hal/hal/lib/hal/src/hal_i2c.o
                0x0000000000040910                HAL_I2C_IRQHandler
 .text.HAL_I2C_SetupMsg
                0x0000000000040a62       0x12 build/common/hal/hal/lib/hal/src/hal_i2c.o
                0x0000000000040a62                HAL_I2C_SetupMsg
 .text.HAL_I2C_ConfigureMode
                0x0000000000040a74       0x12 build/common/hal/hal/lib/hal/src/hal_i2c.o
                0x0000000000040a74                HAL_I2C_ConfigureMode
 .text.HAL_I2C_Transfer
                0x0000000000040a86       0x4c build/common/hal/hal/lib/hal/src/hal_i2c.o
                0x0000000000040a86                HAL_I2C_Transfer
 .text.HAL_I2C_ForceStop
                0x0000000000040ad2       0x1e build/common/hal/hal/lib/hal/src/hal_i2c.o
                0x0000000000040ad2                HAL_I2C_ForceStop
 .text.HAL_I2C_Close
                0x0000000000040af0       0x16 build/common/hal/hal/lib/hal/src/hal_i2c.o
                0x0000000000040af0                HAL_I2C_Close
 .text.HAL_I2C_Init
                0x0000000000040b06        0x8 build/common/hal/hal/lib/hal/src/hal_i2c.o
                0x0000000000040b06                HAL_I2C_Init
 .text.MBOX_FindEntry
                0x0000000000040b0e       0x2c build/common/hal/hal/lib/hal/src/hal_mbox.o
 .text.HAL_MBOX_SendMsg2
                0x0000000000040b3a       0x32 build/common/hal/hal/lib/hal/src/hal_mbox.o
                0x0000000000040b3a                HAL_MBOX_SendMsg2
 .text.HAL_MBOX_Init
                0x0000000000040b6c       0x38 build/common/hal/hal/lib/hal/src/hal_mbox.o
                0x0000000000040b6c                HAL_MBOX_Init
 .text.HAL_MBOX_RegisterClient
                0x0000000000040ba4       0x50 build/common/hal/hal/lib/hal/src/hal_mbox.o
                0x0000000000040ba4                HAL_MBOX_RegisterClient
 .text.HAL_PWM_ChannelIRQHandler
                0x0000000000040bf4       0x2a build/common/hal/hal/lib/hal/src/hal_pwm.o
                0x0000000000040bf4                HAL_PWM_ChannelIRQHandler
 .text.HAL_PWM_SetConfig
                0x0000000000040c1e       0xbe build/common/hal/hal/lib/hal/src/hal_pwm.o
                0x0000000000040c1e                HAL_PWM_SetConfig
 .text.HAL_PWM_SetOneshot
                0x0000000000040cdc       0x10 build/common/hal/hal/lib/hal/src/hal_pwm.o
                0x0000000000040cdc                HAL_PWM_SetOneshot
 .text.HAL_PWM_SetOutputOffset
                0x0000000000040cec       0x52 build/common/hal/hal/lib/hal/src/hal_pwm.o
                0x0000000000040cec                HAL_PWM_SetOutputOffset
 .text.HAL_PWM_GlobalUnlock
                0x0000000000040d3e       0x92 build/common/hal/hal/lib/hal/src/hal_pwm.o
                0x0000000000040d3e                HAL_PWM_GlobalUnlock
 .text.HAL_PWM_GlobalLock
                0x0000000000040dd0       0x80 build/common/hal/hal/lib/hal/src/hal_pwm.o
                0x0000000000040dd0                HAL_PWM_GlobalLock
 .text.HAL_PWM_GlobalUpdate
                0x0000000000040e50       0x42 build/common/hal/hal/lib/hal/src/hal_pwm.o
                0x0000000000040e50                HAL_PWM_GlobalUpdate
 .text.HAL_PWM_GlobalEnable
                0x0000000000040e92       0x42 build/common/hal/hal/lib/hal/src/hal_pwm.o
                0x0000000000040e92                HAL_PWM_GlobalEnable
 .text.HAL_PWM_GlobalDisable
                0x0000000000040ed4       0x44 build/common/hal/hal/lib/hal/src/hal_pwm.o
                0x0000000000040ed4                HAL_PWM_GlobalDisable
 .text.HAL_PWM_Enable
                0x0000000000040f18       0x4a build/common/hal/hal/lib/hal/src/hal_pwm.o
                0x0000000000040f18                HAL_PWM_Enable
 .text.HAL_PWM_Disable
                0x0000000000040f62       0x1a build/common/hal/hal/lib/hal/src/hal_pwm.o
                0x0000000000040f62                HAL_PWM_Disable
 .text.HAL_PWM_Init
                0x0000000000040f7c       0x4c build/common/hal/hal/lib/hal/src/hal_pwm.o
                0x0000000000040f7c                HAL_PWM_Init
 .text.HAL_SARADC_Start
                0x0000000000040fc8       0x22 build/common/hal/hal/lib/hal/src/hal_saradc.o
                0x0000000000040fc8                HAL_SARADC_Start
 .text.HAL_SARADC_Stop
                0x0000000000040fea        0x4 build/common/hal/hal/lib/hal/src/hal_saradc.o
                0x0000000000040fea                HAL_SARADC_Stop
 .text.HAL_SARADC_GetRaw
                0x0000000000040fee       0x12 build/common/hal/hal/lib/hal/src/hal_saradc.o
                0x0000000000040fee                HAL_SARADC_GetRaw
 .text.HAL_SARADC_IrqHandler
                0x0000000000041000        0x8 build/common/hal/hal/lib/hal/src/hal_saradc.o
                0x0000000000041000                HAL_SARADC_IrqHandler
 .text.HAL_TIMER_SysTimerInit
                0x0000000000041008       0x22 build/common/hal/hal/lib/hal/src/hal_timer.o
                0x0000000000041008                HAL_TIMER_SysTimerInit
 .text.HAL_TIMER_GetCount
                0x000000000004102a        0xe build/common/hal/hal/lib/hal/src/hal_timer.o
                0x000000000004102a                HAL_TIMER_GetCount
 .text.CRU_PllSetByAuto.constprop.0
                0x0000000000041038      0x126 build/common/hal/hal/lib/hal/src/cru/hal_cru.o
 .text.HAL_CRU_FreqGetMux4
                0x000000000004115e       0x42 build/common/hal/hal/lib/hal/src/cru/hal_cru.o
                0x000000000004115e                HAL_CRU_FreqGetMux4
 .text.HAL_CRU_FreqGetMux3
                0x00000000000411a0        0x4 build/common/hal/hal/lib/hal/src/cru/hal_cru.o
                0x00000000000411a0                HAL_CRU_FreqGetMux3
 .text.HAL_CRU_FreqGetMux2
                0x00000000000411a4        0x6 build/common/hal/hal/lib/hal/src/cru/hal_cru.o
                0x00000000000411a4                HAL_CRU_FreqGetMux2
 .text.HAL_CRU_RoundFreqGetMux2
                0x00000000000411aa       0x12 build/common/hal/hal/lib/hal/src/cru/hal_cru.o
                0x00000000000411aa                HAL_CRU_RoundFreqGetMux2
 .text.HAL_CRU_GetPllFreq
                0x00000000000411bc       0xde build/common/hal/hal/lib/hal/src/cru/hal_cru.o
                0x00000000000411bc                HAL_CRU_GetPllFreq
 .text.HAL_CRU_SetPllFreq
                0x000000000004129a       0xf8 build/common/hal/hal/lib/hal/src/cru/hal_cru.o
                0x000000000004129a                HAL_CRU_SetPllFreq
 .text.HAL_CRU_ClkEnable
                0x0000000000041392       0x30 build/common/hal/hal/lib/hal/src/cru/hal_cru.o
                0x0000000000041392                HAL_CRU_ClkEnable
 .text.HAL_CRU_ClkDisable
                0x00000000000413c2       0x36 build/common/hal/hal/lib/hal/src/cru/hal_cru.o
                0x00000000000413c2                HAL_CRU_ClkDisable
 .text.HAL_CRU_ClkSetDiv
                0x00000000000413f8       0x50 build/common/hal/hal/lib/hal/src/cru/hal_cru.o
                0x00000000000413f8                HAL_CRU_ClkSetDiv
 .text.HAL_CRU_ClkGetDiv
                0x0000000000041448       0x40 build/common/hal/hal/lib/hal/src/cru/hal_cru.o
                0x0000000000041448                HAL_CRU_ClkGetDiv
 .text.HAL_CRU_ClkSetMux
                0x0000000000041488       0x40 build/common/hal/hal/lib/hal/src/cru/hal_cru.o
                0x0000000000041488                HAL_CRU_ClkSetMux
 .text.HAL_CRU_ClkGetMux
                0x00000000000414c8       0x3c build/common/hal/hal/lib/hal/src/cru/hal_cru.o
                0x00000000000414c8                HAL_CRU_ClkGetMux
 .text.HAL_CRU_MuxGetFreq4
                0x0000000000041504       0x44 build/common/hal/hal/lib/hal/src/cru/hal_cru.o
                0x0000000000041504                HAL_CRU_MuxGetFreq4
 .text.HAL_CRU_MuxGetFreq3
                0x0000000000041548        0x4 build/common/hal/hal/lib/hal/src/cru/hal_cru.o
                0x0000000000041548                HAL_CRU_MuxGetFreq3
 .text.HAL_CRU_MuxGetFreq2
                0x000000000004154c        0x6 build/common/hal/hal/lib/hal/src/cru/hal_cru.o
                0x000000000004154c                HAL_CRU_MuxGetFreq2
 .text.HAL_CRU_ClkSetFracDiv
                0x0000000000041552       0x2a build/common/hal/hal/lib/hal/src/cru/hal_cru.o
                0x0000000000041552                HAL_CRU_ClkSetFracDiv
 .text.HAL_CRU_ClkGetFracDiv
                0x000000000004157c       0x32 build/common/hal/hal/lib/hal/src/cru/hal_cru.o
                0x000000000004157c                HAL_CRU_ClkGetFracDiv
 .text.HAL_CRU_FracdivGetConfig
                0x00000000000415ae       0x4c build/common/hal/hal/lib/hal/src/cru/hal_cru.o
                0x00000000000415ae                HAL_CRU_FracdivGetConfig
 .text.HAL_CRU_ClkGetFreq
                0x00000000000415fa      0x5d6 build/common/hal/hal/lib/hal/src/cru/hal_cru_rv1103b.o
                0x00000000000415fa                HAL_CRU_ClkGetFreq
 .text.HAL_CRU_ClkSetFreq
                0x0000000000041bd0      0x6a6 build/common/hal/hal/lib/hal/src/cru/hal_cru_rv1103b.o
                0x0000000000041bd0                HAL_CRU_ClkSetFreq
 .text.HAL_PINCTRL_Init
                0x0000000000042276        0x4 build/common/hal/hal/lib/hal/src/pinctrl/hal_pinctrl_rv1103b.o
                0x0000000000042276                HAL_PINCTRL_Init
 .text.HAL_PINCTRL_SetParam
                0x000000000004227a      0x796 build/common/hal/hal/lib/hal/src/pinctrl/hal_pinctrl_rv1103b.o
                0x000000000004227a                HAL_PINCTRL_SetParam
 .text.HAL_PINCTRL_SetIOMUX
                0x0000000000042a10        0x4 build/common/hal/hal/lib/hal/src/pinctrl/hal_pinctrl_rv1103b.o
                0x0000000000042a10                HAL_PINCTRL_SetIOMUX
 .text.BSP_Init
                0x0000000000042a14        0x2 build/common/hal/hal/lib/bsp/RV1103B/hal_bsp.o
                0x0000000000042a14                BSP_Init
 .text.rtthread_startup
                0x0000000000042a16       0x2e build/applications/main.o
                0x0000000000042a16                rtthread_startup
 .text.startup.main
                0x0000000000042a44       0x1a build/applications/main.o
                0x0000000000042a44                main
 .text.cif_hw_config
                0x0000000000042a5e       0x5c build/board/board/rv1103b_evb2-SC200AI-ADC/board.o
                0x0000000000042a5e                cif_hw_config
 .text.rt_hw_iomux_config
                0x0000000000042aba       0x2c build/board/board/rv1103b_evb2-SC200AI-ADC/iomux.o
                0x0000000000042aba                rt_hw_iomux_config
 .text.board_softirq_handler
                0x0000000000042ae6       0x18 build/board/board/common/board_base.o
 .text.data_section_fixup
                0x0000000000042afe       0x5a build/board/board/common/board_base.o
                0x0000000000042afe                data_section_fixup
 .text.sirq_status
                0x0000000000042b58        0xa build/board/board/common/board_base.o
                0x0000000000042b58                sirq_status
 .text.rt_hw_board_init
                0x0000000000042b62       0x68 build/board/board/common/board_base.o
                0x0000000000042b62                rt_hw_board_init
 .text.cam_get_pwm_name
                0x0000000000042bca       0x20 build/board/board/common/board_cam.o
                0x0000000000042bca                cam_get_pwm_name
 .text.cam_set_gpio_level
                0x0000000000042bea       0x36 build/board/board/common/board_cam.o
                0x0000000000042bea                cam_set_gpio_level
 .text.cam_cfg_gpio_func
                0x0000000000042c20       0x72 build/board/board/common/board_cam.o
                0x0000000000042c20                cam_cfg_gpio_func
 .text.i2c4_m1_iomux_config
                0x0000000000042c92       0x20 build/board/board/common/iomux_base.o
                0x0000000000042c92                i2c4_m1_iomux_config
 .text.rt_hw_interrupt_active
                0x0000000000042cb2       0x22 build/drivers/int_mux.o
                0x0000000000042cb2                rt_hw_interrupt_active
 .text.rt_hw_interrupt_deactive
                0x0000000000042cd4       0x26 build/drivers/int_mux.o
                0x0000000000042cd4                rt_hw_interrupt_deactive
 .text.rt_hw_interrupt_get_active
                0x0000000000042cfa       0x54 build/drivers/int_mux.o
                0x0000000000042cfa                rt_hw_interrupt_get_active
 .text.sysTick_stop
                0x0000000000042d4e        0xc build/drivers/timer.o
                0x0000000000042d4e                sysTick_stop
 .text._update_timer
                0x0000000000042d5a       0x3a build/drivers/timer.o
                0x0000000000042d5a                _update_timer
 .text.sysTick_config
                0x0000000000042d94       0x48 build/drivers/timer.o
                0x0000000000042d94                sysTick_config
 .text.rt_hw_cpu_dcache_ops
                0x0000000000042ddc       0x28 build/common/drivers/drv_cache.o
                0x0000000000042ddc                rt_hw_cpu_dcache_ops
 .text.clock_dev_init
                0x0000000000042e04       0x40 build/common/drivers/drv_clock.o
                0x0000000000042e04                clock_dev_init
 .text.clk_enable
                0x0000000000042e44       0x4e build/common/drivers/drv_clock.o
                0x0000000000042e44                clk_enable
 .text.clk_disable
                0x0000000000042e92       0x6a build/common/drivers/drv_clock.o
                0x0000000000042e92                clk_disable
 .text.get_clk_gate_from_id
                0x0000000000042efc       0x76 build/common/drivers/drv_clock.o
                0x0000000000042efc                get_clk_gate_from_id
 .text.clk_get_rate
                0x0000000000042f72       0x3c build/common/drivers/drv_clock.o
                0x0000000000042f72                clk_get_rate
 .text.clk_set_rate
                0x0000000000042fae       0x4e build/common/drivers/drv_clock.o
                0x0000000000042fae                clk_set_rate
 .text.pin_gpio0_handler
                0x0000000000042ffc       0x1a build/common/drivers/drv_gpio.o
                0x0000000000042ffc                pin_gpio0_handler
 .text.pin_gpio1_handler
                0x0000000000043016       0x1a build/common/drivers/drv_gpio.o
                0x0000000000043016                pin_gpio1_handler
 .text.pin_gpio2_handler
                0x0000000000043030       0x1a build/common/drivers/drv_gpio.o
                0x0000000000043030                pin_gpio2_handler
 .text.rt_hw_gpio_init
                0x000000000004304a       0x76 build/common/drivers/drv_gpio.o
                0x000000000004304a                rt_hw_gpio_init
 .text.pin_read
                0x00000000000430c0       0x1e build/common/drivers/drv_gpio.o
 .text.pin_write
                0x00000000000430de       0x1e build/common/drivers/drv_gpio.o
 .text.pin_mode
                0x00000000000430fc       0xb8 build/common/drivers/drv_gpio.o
 .text.pin_detach_irq
                0x00000000000431b4       0x50 build/common/drivers/drv_gpio.o
 .text.pin_attach_irq
                0x0000000000043204       0x9c build/common/drivers/drv_gpio.o
 .text.pin_irq_enable
                0x00000000000432a0       0xca build/common/drivers/drv_gpio.o
 .text.HAL_GPIO_IRQDispatch
                0x000000000004336a       0x20 build/common/drivers/drv_gpio.o
                0x000000000004336a                HAL_GPIO_IRQDispatch
 .text.rockchip_i2c4_irq
                0x000000000004338a       0x36 build/common/drivers/drv_i2c.o
 .text.clk_disable_by_id.isra.0
                0x00000000000433c0        0x4 build/common/drivers/drv_i2c.o
 .text.clk_enable_by_id.isra.0
                0x00000000000433c4        0x4 build/common/drivers/drv_i2c.o
 .text.rockchip_rt_hw_i2c_init
                0x00000000000433c8       0x98 build/common/drivers/drv_i2c.o
                0x00000000000433c8                rockchip_rt_hw_i2c_init
 .text.rockchip_i2c_xfer
                0x0000000000043460      0x186 build/common/drivers/drv_i2c.o
 .text.pm_runtime_request
                0x00000000000435e6        0x2 build/common/drivers/drv_pm.o
                0x00000000000435e6                pm_runtime_request
 .text.pm_runtime_release
                0x00000000000435e8        0x2 build/common/drivers/drv_pm.o
                0x00000000000435e8                pm_runtime_release
 .text.write_log_to_ram
                0x00000000000435ea       0x70 build/common/drivers/drv_pstore.o
 .text.pstore_dev_init
                0x000000000004365a       0x54 build/common/drivers/drv_pstore.o
 .text.rockchip_rt_hw_pwm_init
                0x00000000000436ae       0x8a build/common/drivers/drv_pwm.o
                0x00000000000436ae                rockchip_rt_hw_pwm_init
 .text.rockchip_pwm_control
                0x0000000000043738      0x168 build/common/drivers/drv_pwm.o
 .text.rockchip_pwm0_irq
                0x00000000000438a0       0x44 build/common/drivers/drv_pwm.o
 .text.rk_saradc_init
                0x00000000000438e4       0x84 build/common/drivers/drv_saradc.o
 .text.rk_get_saradc_value
                0x0000000000043968       0x64 build/common/drivers/drv_saradc.o
 .text.rk_saradc_irq_handler
                0x00000000000439cc       0x2a build/common/drivers/drv_saradc.o
 .text.rk_isp_rx_indicate
                0x00000000000439f6        0x4 build/common/drivers/isp3/drv_isp3.o
                0x00000000000439f6                rk_isp_rx_indicate
 .text.__enqueue_in_driver
                0x00000000000439fa       0x40 build/common/drivers/isp3/drv_isp3.o
 .text.rk_isp_open
                0x0000000000043a3a      0x180 build/common/drivers/isp3/drv_isp3.o
                0x0000000000043a3a                rk_isp_open
 .text.rk_isp_close
                0x0000000000043bba       0x9a build/common/drivers/isp3/drv_isp3.o
                0x0000000000043bba                rk_isp_close
 .text.rk_irq_handler_mipi
                0x0000000000043c54       0x10 build/common/drivers/isp3/drv_isp3.o
 .text.rk_irq_handler_isp
                0x0000000000043c64       0x30 build/common/drivers/isp3/drv_isp3.o
 .text.rk_isp_ctrl_get_subdev
                0x0000000000043c94       0x4a build/common/drivers/isp3/drv_isp3.o
 .text.rk_device_isp_init
                0x0000000000043cde      0x1c4 build/common/drivers/isp3/drv_isp3.o
                0x0000000000043cde                rk_device_isp_init
 .text.rk_isp_videobuf_done.constprop.0
                0x0000000000043ea2       0x9e build/common/drivers/isp3/drv_isp3.o
 .text.rk_irq_handler_vicap
                0x0000000000043f40      0x21c build/common/drivers/isp3/drv_isp3.o
 .text.rk_isp_init
                0x000000000004415c      0x138 build/common/drivers/isp3/drv_isp3.o
                0x000000000004415c                rk_isp_init
 .text.fcc_xysubs
                0x0000000000044294       0xc8 build/common/drivers/isp3/drv_isp3.o
                0x0000000000044294                fcc_xysubs
 .text.rk_isp_find_valid_buf
                0x000000000004435c       0x96 build/common/drivers/isp3/drv_isp3.o
                0x000000000004435c                rk_isp_find_valid_buf
 .text.rk_irq_handler_mi
                0x00000000000443f2       0xba build/common/drivers/isp3/drv_isp3.o
 .text.rk_isp_ctrl_qbuf
                0x00000000000444ac      0x13c build/common/drivers/isp3/drv_isp3.o
                0x00000000000444ac                rk_isp_ctrl_qbuf
 .text.rk_isp_ctrl_dqbuf
                0x00000000000445e8      0x150 build/common/drivers/isp3/drv_isp3.o
                0x00000000000445e8                rk_isp_ctrl_dqbuf
 .text.rk_isp_ctrl_stream_on
                0x0000000000044738      0x5c4 build/common/drivers/isp3/drv_isp3.o
                0x0000000000044738                rk_isp_ctrl_stream_on
 .text.rk_isp_ctrl_stream_off
                0x0000000000044cfc      0x1ce build/common/drivers/isp3/drv_isp3.o
                0x0000000000044cfc                rk_isp_ctrl_stream_off
 .text.rk_isp_control
                0x0000000000044eca      0x70c build/common/drivers/isp3/drv_isp3.o
                0x0000000000044eca                rk_isp_control
 .text.rk_isp_hw_vicap_init_buf.isra.0
                0x00000000000455d6       0x7a build/common/drivers/isp3/drv_isp3_subdev.o
 .text.rk_isp_hw_mipi_lvds_dphy_init
                0x0000000000045650      0x2a8 build/common/drivers/isp3/drv_isp3_subdev.o
                0x0000000000045650                rk_isp_hw_mipi_lvds_dphy_init
 .text.rk_isp_hw_mipi_lvds_dphy_reinit
                0x00000000000458f8       0x26 build/common/drivers/isp3/drv_isp3_subdev.o
                0x00000000000458f8                rk_isp_hw_mipi_lvds_dphy_reinit
 .text.rk_isp_hw_csi_host_init
                0x000000000004591e       0x7a build/common/drivers/isp3/drv_isp3_subdev.o
                0x000000000004591e                rk_isp_hw_csi_host_init
 .text.rk_isp_hw_csi_host_reinit
                0x0000000000045998       0x68 build/common/drivers/isp3/drv_isp3_subdev.o
                0x0000000000045998                rk_isp_hw_csi_host_reinit
 .text.rk_isp_hw_vicap_update_buf
                0x0000000000045a00       0xa8 build/common/drivers/isp3/drv_isp3_subdev.o
                0x0000000000045a00                rk_isp_hw_vicap_update_buf
 .text.rk_isp_hw_vicap_init
                0x0000000000045aa8      0x186 build/common/drivers/isp3/drv_isp3_subdev.o
                0x0000000000045aa8                rk_isp_hw_vicap_init
 .text.rk_isp_hw_vicap_reinit
                0x0000000000045c2e       0x5e build/common/drivers/isp3/drv_isp3_subdev.o
                0x0000000000045c2e                rk_isp_hw_vicap_reinit
 .text.isp_awbgain_cfg
                0x0000000000045c8c       0x32 build/common/drivers/isp3/drv_isp_module.o
 .text.rk_isp_isr
                0x0000000000045cbe      0x1ec build/common/drivers/isp3/drv_isp_module.o
                0x0000000000045cbe                rk_isp_isr
 .text.rk_isp_module_init
                0x0000000000045eaa      0x1f8 build/common/drivers/isp3/drv_isp_module.o
                0x0000000000045eaa                rk_isp_module_init
 .text.rk_isp_set_params
                0x00000000000460a2       0x38 build/common/drivers/isp3/drv_isp_module.o
                0x00000000000460a2                rk_isp_set_params
 .text.rk_isp_get_stat
                0x00000000000460da       0x76 build/common/drivers/isp3/drv_isp_module.o
                0x00000000000460da                rk_isp_get_stat
 .text.rk_isp_control
                0x0000000000046150        0x6 build/common/drivers/isp3/isp3.o
 .text.rk_isp_init
                0x0000000000046156        0xc build/common/drivers/isp3/isp3.o
 .text.rk_isp_open
                0x0000000000046162        0xe build/common/drivers/isp3/isp3.o
 .text.rk_isp_close
                0x0000000000046170        0xc build/common/drivers/isp3/isp3.o
 .text.rk_isp_controller_register
                0x000000000004617c       0x44 build/common/drivers/isp3/isp3.o
                0x000000000004617c                rk_isp_controller_register
 .text.rk_clk_enable1
                0x00000000000461c0        0x4 build/common/drivers/isp3/isp3_external.o
                0x00000000000461c0                rk_clk_enable1
 .text.rk_camera_control
                0x00000000000461c4       0x32 build/common/drivers/camera/camera.o
 .text.rk_camera_init
                0x00000000000461f6        0xe build/common/drivers/camera/camera.o
 .text.rk_camera_open
                0x0000000000046204       0x10 build/common/drivers/camera/camera.o
 .text.rk_camera_close
                0x0000000000046214        0xe build/common/drivers/camera/camera.o
 .text.rk_rtthread_camera_register
                0x0000000000046222       0x44 build/common/drivers/camera/camera.o
                0x0000000000046222                rk_rtthread_camera_register
 .text.rk_camera_register
                0x0000000000046266        0x4 build/common/drivers/camera/camera.o
                0x0000000000046266                rk_camera_register
 .text.rk_sc200ai_init
                0x000000000004626a       0x88 build/common/drivers/camera/drv_sc200ai.o
                0x000000000004626a                rk_sc200ai_init
 .text.rk_sc200ai_open
                0x00000000000462f2        0x4 build/common/drivers/camera/drv_sc200ai.o
 .text.sc200ai_write_reg
                0x00000000000462f6       0xa0 build/common/drivers/camera/drv_sc200ai.o
 .text.sc200ai_set_gain_reg
                0x0000000000046396      0x282 build/common/drivers/camera/drv_sc200ai.o
 .text.rk_camera_sc200ai_init
                0x0000000000046618      0x37c build/common/drivers/camera/drv_sc200ai.o
                0x0000000000046618                rk_camera_sc200ai_init
 .text.sc200ai_write_multiple_reg_continue.isra.0
                0x0000000000046994       0xc8 build/common/drivers/camera/drv_sc200ai.o
 .text.sc200ai_read_reg.isra.0
                0x0000000000046a5c       0xb0 build/common/drivers/camera/drv_sc200ai.o
 .text.rk_sc200ai_set_expval
                0x0000000000046b0c      0x22c build/common/drivers/camera/drv_sc200ai.o
 .text.rk_sc200ai_set_flip_mirror
                0x0000000000046d38       0x6e build/common/drivers/camera/drv_sc200ai.o
 .text.rk_sc200ai_control
                0x0000000000046da6      0x6da build/common/drivers/camera/drv_sc200ai.o
                0x0000000000046da6                rk_sc200ai_control
 .text.rk_semaphore_take
                0x0000000000047480        0x4 build/common/drivers/camera/adapter/adapter.o
                0x0000000000047480                rk_semaphore_take
 .text.rk_semaphore_release
                0x0000000000047484        0x4 build/common/drivers/camera/adapter/adapter.o
                0x0000000000047484                rk_semaphore_release
 .text.rk_semaphore_delete
                0x0000000000047488        0x4 build/common/drivers/camera/adapter/adapter.o
                0x0000000000047488                rk_semaphore_delete
 .text.rk_mem_free
                0x000000000004748c        0x2 build/common/drivers/camera/adapter/adapter.o
                0x000000000004748c                rk_mem_free
 .text.rk_dma_free_large
                0x000000000004748e        0x2 build/common/drivers/camera/adapter/adapter.o
                0x000000000004748e                rk_dma_free_large
 .text.rk_find_device
                0x0000000000047490        0x4 build/common/drivers/camera/adapter/adapter.o
                0x0000000000047490                rk_find_device
 .text.rk_device_close
                0x0000000000047494        0x4 build/common/drivers/camera/adapter/adapter.o
                0x0000000000047494                rk_device_close
 .text.rk_device_open
                0x0000000000047498        0x4 build/common/drivers/camera/adapter/adapter.o
                0x0000000000047498                rk_device_open
 .text.rk_device_control
                0x000000000004749c        0x4 build/common/drivers/camera/adapter/adapter.o
                0x000000000004749c                rk_device_control
 .text.rk_strlen
                0x00000000000474a0        0x4 build/common/drivers/camera/adapter/adapter.o
                0x00000000000474a0                rk_strlen
 .text.rk_strstr
                0x00000000000474a4        0x4 build/common/drivers/camera/adapter/adapter.o
                0x00000000000474a4                rk_strstr
 .text.rk_strncmp
                0x00000000000474a8        0x4 build/common/drivers/camera/adapter/adapter.o
                0x00000000000474a8                rk_strncmp
 .text.rt_init_thread_entry
                0x00000000000474ac        0x4 build/applications/start_app/application.o
 .text.rt_application_init
                0x00000000000474b0       0x46 build/applications/start_app/application.o
                0x00000000000474b0                rt_application_init
 .text.sensor_vs_cb
                0x00000000000474f6       0x24 build/applications/battery-ipc/fast_ae.o
 .text.ircut_switch.part.0
                0x000000000004751a       0x1e build/applications/battery-ipc/fast_ae.o
 .text.exp_thread
                0x0000000000047538      0x146 build/applications/battery-ipc/fast_ae.o
 .text.ircut_switch
                0x000000000004767e       0x30 build/applications/battery-ipc/fast_ae.o
                0x000000000004767e                ircut_switch
 .text.get_fastawb_params
                0x00000000000476ae       0x74 build/applications/battery-ipc/fast_ae.o
                0x00000000000476ae                get_fastawb_params
 .text.start_ae
                0x0000000000047722       0xf8 build/applications/battery-ipc/fast_ae.o
                0x0000000000047722                start_ae
 .text.stop_ae  0x000000000004781a      0x61c build/applications/battery-ipc/fast_ae.o
                0x000000000004781a                stop_ae
 .text.isae_match
                0x0000000000047e36       0x12 build/applications/battery-ipc/fast_ae.o
                0x0000000000047e36                isae_match
 .text.isae_over_range
                0x0000000000047e48       0x12 build/applications/battery-ipc/fast_ae.o
                0x0000000000047e48                isae_over_range
 .text.get_expinfo
                0x0000000000047e5a       0x78 build/applications/battery-ipc/fast_ae.o
                0x0000000000047e5a                get_expinfo
 .text.fast_ae_set_max_frame
                0x0000000000047ed2        0xe build/applications/battery-ipc/fast_ae.o
                0x0000000000047ed2                fast_ae_set_max_frame
 .text.fast_ae_get_max_frame
                0x0000000000047ee0        0xa build/applications/battery-ipc/fast_ae.o
                0x0000000000047ee0                fast_ae_get_max_frame
 .text.parse_meta_params
                0x0000000000047eea      0x51a build/applications/battery-ipc/fast_ae.o
                0x0000000000047eea                parse_meta_params
 .text.read_lux_adc
                0x0000000000048404       0xfe build/applications/battery-ipc/fast_ae.o
                0x0000000000048404                read_lux_adc
 .text.read_night_adc
                0x0000000000048502       0x8c build/applications/battery-ipc/fast_ae.o
                0x0000000000048502                read_night_adc
 .text.read_digital_lux
                0x000000000004858e       0xa0 build/applications/battery-ipc/fast_ae.o
                0x000000000004858e                read_digital_lux
 .text.set_night_mode
                0x000000000004862e      0x296 build/applications/battery-ipc/fast_ae.o
                0x000000000004862e                set_night_mode
 .text.soft_lux_night_mode
                0x00000000000488c4       0x7e build/applications/battery-ipc/fast_ae.o
                0x00000000000488c4                soft_lux_night_mode
 .text.calculate_ae
                0x0000000000048942      0x2fc build/applications/battery-ipc/fast_ae.o
 .text.set_ae_init
                0x0000000000048c3e      0x1b4 build/applications/battery-ipc/fast_ae.o
                0x0000000000048c3e                set_ae_init
 .text.secondary_config
                0x0000000000048df2       0xbe build/applications/battery-ipc/fast_ae.o
                0x0000000000048df2                secondary_config
 .text.set_params
                0x0000000000048eb0        0x8 build/applications/battery-ipc/fast_ae.o
                0x0000000000048eb0                set_params
 .text.calculate_awb
                0x0000000000048eb8      0x100 build/applications/battery-ipc/fast_ae.o
 .text.stat_thread
                0x0000000000048fb8      0x200 build/applications/battery-ipc/fast_ae.o
 .text.set_firstae
                0x00000000000491b8      0x2ea build/applications/battery-ipc/fast_ae.o
                0x00000000000491b8                set_firstae
 .text.rkaiq_parse_bin_map
                0x00000000000494a2       0x26 build/applications/battery-ipc/rkaiq_calib.o
                0x00000000000494a2                rkaiq_parse_bin_map
 .text.rkaiq_calib_load
                0x00000000000494c8       0x1e build/applications/battery-ipc/rkaiq_calib.o
                0x00000000000494c8                rkaiq_calib_load
 .text.rkaiq_calib_write
                0x00000000000494e6      0x170 build/applications/battery-ipc/rkaiq_calib.o
                0x00000000000494e6                rkaiq_calib_write
 .text.rkaiq_get_calib
                0x0000000000049656      0x11e build/applications/battery-ipc/rkaiq_calib.o
                0x0000000000049656                rkaiq_get_calib
 .text.rkaiq_check_bin
                0x0000000000049774       0x54 build/applications/battery-ipc/rkaiq_calib.o
                0x0000000000049774                rkaiq_check_bin
 .text.rkaiq_get_rttbin
                0x00000000000497c8       0xbe build/applications/battery-ipc/rkaiq_calib.o
                0x00000000000497c8                rkaiq_get_rttbin
 .text.calibdbV2_get_module_ptr.constprop.0
                0x0000000000049886       0x8e build/applications/battery-ipc/rkaiq_parse_iq.o
 .text.set_awbgain_params_for_kernel
                0x0000000000049914      0x442 build/applications/battery-ipc/rkaiq_parse_iq.o
                0x0000000000049914                set_awbgain_params_for_kernel
 .text.set_isp_params_for_kernel
                0x0000000000049d56       0x14 build/applications/battery-ipc/rkaiq_parse_iq.o
                0x0000000000049d56                set_isp_params_for_kernel
 .text.parse_ae_params
                0x0000000000049d6a      0x97e build/applications/battery-ipc/rkaiq_parse_iq.o
                0x0000000000049d6a                parse_ae_params
 .text.init_wb_gain
                0x000000000004a6e8      0x10a build/applications/battery-ipc/rkaiq_parse_iq.o
                0x000000000004a6e8                init_wb_gain
 .text.set_bay3d_params_for_rtt
                0x000000000004a7f2      0x1b0 build/applications/battery-ipc/rkaiq_parse_iq.o
                0x000000000004a7f2                set_bay3d_params_for_rtt
 .text.sec_camera_init_thread
                0x000000000004a9a2       0xa2 build/applications/battery-ipc/stream.o
 .text.firstae_thread
                0x000000000004aa44       0x3a build/applications/battery-ipc/stream.o
 .text.stop_stream.constprop.0
                0x000000000004aa7e      0x142 build/applications/battery-ipc/stream.o
 .text.rkcif_mbus_pixelcode_to_v4l2
                0x000000000004abc0       0xa6 build/applications/battery-ipc/stream.o
                0x000000000004abc0                rkcif_mbus_pixelcode_to_v4l2
 .text.isp_stream
                0x000000000004ac66      0xcf0 build/applications/battery-ipc/stream.o
 .text.rt_system_tick_init
                0x000000000004b956        0x2 build/kernel/src/clock.o
                0x000000000004b956                rt_system_tick_init
 .text.rt_tick_get
                0x000000000004b958        0xa build/kernel/src/clock.o
                0x000000000004b958                rt_tick_get
 .text.rt_tick_increase
                0x000000000004b962       0x2e build/kernel/src/clock.o
                0x000000000004b962                rt_tick_increase
 .text.rt_tick_from_millisecond
                0x000000000004b990       0x1a build/kernel/src/clock.o
                0x000000000004b990                rt_tick_from_millisecond
 .text.rti_start
                0x000000000004b9aa        0x4 build/kernel/src/components.o
 .text.rti_end  0x000000000004b9ae        0x4 build/kernel/src/components.o
 .text.rti_board_start
                0x000000000004b9b2        0x4 build/kernel/src/components.o
 .text.rti_board_end
                0x000000000004b9b6        0x4 build/kernel/src/components.o
 .text.rt_components_board_init
                0x000000000004b9ba       0x2e build/kernel/src/components.o
                0x000000000004b9ba                rt_components_board_init
 .text.rt_components_init
                0x000000000004b9e8       0x2e build/kernel/src/components.o
                0x000000000004b9e8                rt_components_init
 .text.rt_device_find
                0x000000000004ba16       0x6a build/kernel/src/device.o
                0x000000000004ba16                rt_device_find
 .text.rt_device_register
                0x000000000004ba80       0x46 build/kernel/src/device.o
                0x000000000004ba80                rt_device_register
 .text.rt_device_init
                0x000000000004bac6       0x46 build/kernel/src/device.o
                0x000000000004bac6                rt_device_init
 .text.rt_device_open
                0x000000000004bb0c       0x96 build/kernel/src/device.o
                0x000000000004bb0c                rt_device_open
 .text.rt_device_close
                0x000000000004bba2       0x44 build/kernel/src/device.o
                0x000000000004bba2                rt_device_close
 .text.rt_device_write
                0x000000000004bbe6       0x26 build/kernel/src/device.o
                0x000000000004bbe6                rt_device_write
 .text.rt_device_control
                0x000000000004bc0c        0xa build/kernel/src/device.o
                0x000000000004bc0c                rt_device_control
 .text.rt_device_set_rx_indicate
                0x000000000004bc16        0x6 build/kernel/src/device.o
                0x000000000004bc16                rt_device_set_rx_indicate
 .text.rt_thread_idle_excute
                0x000000000004bc1c       0x98 build/kernel/src/idle.o
                0x000000000004bc1c                rt_thread_idle_excute
 .text.rt_thread_idle_entry
                0x000000000004bcb4       0x2a build/kernel/src/idle.o
 .text.rt_thread_idle_init
                0x000000000004bcde       0x44 build/kernel/src/idle.o
                0x000000000004bcde                rt_thread_idle_init
 .text.rt_ipc_list_resume_all.isra.0
                0x000000000004bd22       0x3a build/kernel/src/ipc.o
 .text.rt_ipc_list_resume.isra.0
                0x000000000004bd5c        0x6 build/kernel/src/ipc.o
 .text.rt_ipc_list_suspend.isra.0
                0x000000000004bd62       0x62 build/kernel/src/ipc.o
 .text.rt_sem_init
                0x000000000004bdc4       0x36 build/kernel/src/ipc.o
                0x000000000004bdc4                rt_sem_init
 .text.rt_sem_create
                0x000000000004bdfa       0x30 build/kernel/src/ipc.o
                0x000000000004bdfa                rt_sem_create
 .text.rt_sem_delete
                0x000000000004be2a       0x1e build/kernel/src/ipc.o
                0x000000000004be2a                rt_sem_delete
 .text.rt_sem_take
                0x000000000004be48       0xa0 build/kernel/src/ipc.o
                0x000000000004be48                rt_sem_take
 .text.rt_sem_release
                0x000000000004bee8       0x52 build/kernel/src/ipc.o
                0x000000000004bee8                rt_sem_release
 .text.rt_mutex_init
                0x000000000004bf3a       0x38 build/kernel/src/ipc.o
                0x000000000004bf3a                rt_mutex_init
 .text.rt_mutex_create
                0x000000000004bf72       0x32 build/kernel/src/ipc.o
                0x000000000004bf72                rt_mutex_create
 .text.rt_mutex_delete
                0x000000000004bfa4       0x1e build/kernel/src/ipc.o
                0x000000000004bfa4                rt_mutex_delete
 .text.rt_mutex_take
                0x000000000004bfc2       0xfa build/kernel/src/ipc.o
                0x000000000004bfc2                rt_mutex_take
 .text.rt_mutex_release
                0x000000000004c0bc       0xca build/kernel/src/ipc.o
                0x000000000004c0bc                rt_mutex_release
 .text.rt_event_init
                0x000000000004c186       0x30 build/kernel/src/ipc.o
                0x000000000004c186                rt_event_init
 .text.rt_event_send
                0x000000000004c1b6       0xa8 build/kernel/src/ipc.o
                0x000000000004c1b6                rt_event_send
 .text.rt_event_recv
                0x000000000004c25e      0x100 build/kernel/src/ipc.o
                0x000000000004c25e                rt_event_recv
 .text.rt_interrupt_enter
                0x000000000004c35e       0x32 build/kernel/src/irq.o
                0x000000000004c35e                rt_interrupt_enter
 .text.rt_interrupt_leave
                0x000000000004c390       0x32 build/kernel/src/irq.o
                0x000000000004c390                rt_interrupt_leave
 .text.rt_interrupt_get_nest
                0x000000000004c3c2        0xa build/kernel/src/irq.o
                0x000000000004c3c2                rt_interrupt_get_nest
 .text.print_number
                0x000000000004c3cc      0x19e build/kernel/src/kservice.o
 .text.rt_set_errno
                0x000000000004c56a       0x28 build/kernel/src/kservice.o
                0x000000000004c56a                rt_set_errno
 .text.rt_memset
                0x000000000004c592       0x84 build/kernel/src/kservice.o
                0x000000000004c592                rt_memset
 .text.rt_memcpy
                0x000000000004c616       0xae build/kernel/src/kservice.o
                0x000000000004c616                rt_memcpy
 .text.rt_memcmp
                0x000000000004c6c4       0x28 build/kernel/src/kservice.o
                0x000000000004c6c4                rt_memcmp
 .text.rt_strncpy
                0x000000000004c6ec       0x2e build/kernel/src/kservice.o
                0x000000000004c6ec                rt_strncpy
 .text.rt_strncmp
                0x000000000004c71a       0x30 build/kernel/src/kservice.o
                0x000000000004c71a                rt_strncmp
 .text.rt_strlen
                0x000000000004c74a       0x12 build/kernel/src/kservice.o
                0x000000000004c74a                rt_strlen
 .text.rt_strstr
                0x000000000004c75c       0x54 build/kernel/src/kservice.o
                0x000000000004c75c                rt_strstr
 .text.rt_vsnprintf
                0x000000000004c7b0      0x3a8 build/kernel/src/kservice.o
                0x000000000004c7b0                rt_vsnprintf
 .text.rt_console_set_device
                0x000000000004cb58       0x40 build/kernel/src/kservice.o
                0x000000000004cb58                rt_console_set_device
 .text.rt_hw_console_output
                0x000000000004cb98        0x2 build/kernel/src/kservice.o
                0x000000000004cb98                rt_hw_console_output
 .text.rt_console_set_output_hook
                0x000000000004cb9a        0xa build/kernel/src/kservice.o
                0x000000000004cb9a                rt_console_set_output_hook
 .text.rt_kprintf
                0x000000000004cba4       0x9e build/kernel/src/kservice.o
                0x000000000004cba4                rt_kprintf
 .text.__rt_ffs
                0x000000000004cc42       0x58 build/kernel/src/kservice.o
                0x000000000004cc42                __rt_ffs
 .text.plug_holes
                0x000000000004cc9a       0x6c build/kernel/src/mem.o
 .text.rt_system_heap_init
                0x000000000004cd06       0x96 build/kernel/src/mem.o
                0x000000000004cd06                rt_system_heap_init
 .text.rt_malloc
                0x000000000004cd9c      0x154 build/kernel/src/mem.o
                0x000000000004cd9c                rt_malloc
 .text.rt_calloc
                0x000000000004cef0       0x28 build/kernel/src/mem.o
                0x000000000004cef0                rt_calloc
 .text.rt_free  0x000000000004cf18       0xe2 build/kernel/src/mem.o
                0x000000000004cf18                rt_free
 .text.rt_realloc
                0x000000000004cffa      0x116 build/kernel/src/mem.o
                0x000000000004cffa                rt_realloc
 .text.rt_system_object_init
                0x000000000004d110        0x2 build/kernel/src/object.o
                0x000000000004d110                rt_system_object_init
 .text.rt_object_get_information
                0x000000000004d112       0x28 build/kernel/src/object.o
                0x000000000004d112                rt_object_get_information
 .text.rt_object_init
                0x000000000004d13a       0x5a build/kernel/src/object.o
                0x000000000004d13a                rt_object_init
 .text.rt_object_detach
                0x000000000004d194       0x36 build/kernel/src/object.o
                0x000000000004d194                rt_object_detach
 .text.rt_object_allocate
                0x000000000004d1ca       0x70 build/kernel/src/object.o
                0x000000000004d1ca                rt_object_allocate
 .text.rt_object_delete
                0x000000000004d23a       0x3c build/kernel/src/object.o
                0x000000000004d23a                rt_object_delete
 .text.rt_object_is_systemobject
                0x000000000004d276        0x8 build/kernel/src/object.o
                0x000000000004d276                rt_object_is_systemobject
 .text.rt_system_scheduler_init
                0x000000000004d27e       0x4a build/kernel/src/scheduler.o
                0x000000000004d27e                rt_system_scheduler_init
 .text.rt_system_scheduler_start
                0x000000000004d2c8       0x36 build/kernel/src/scheduler.o
                0x000000000004d2c8                rt_system_scheduler_start
 .text.rt_schedule
                0x000000000004d2fe       0xd6 build/kernel/src/scheduler.o
                0x000000000004d2fe                rt_schedule
 .text.rt_schedule_insert_thread
                0x000000000004d3d4       0x54 build/kernel/src/scheduler.o
                0x000000000004d3d4                rt_schedule_insert_thread
 .text.rt_schedule_remove_thread
                0x000000000004d428       0x52 build/kernel/src/scheduler.o
                0x000000000004d428                rt_schedule_remove_thread
 .text.rt_enter_critical
                0x000000000004d47a       0x22 build/kernel/src/scheduler.o
                0x000000000004d47a                rt_enter_critical
 .text.rt_exit_critical
                0x000000000004d49c       0x3e build/kernel/src/scheduler.o
                0x000000000004d49c                rt_exit_critical
 .text.rt_thread_exit
                0x000000000004d4da       0x68 build/kernel/src/thread.o
                0x000000000004d4da                rt_thread_exit
 .text.rt_thread_timeout
                0x000000000004d542       0x24 build/kernel/src/thread.o
                0x000000000004d542                rt_thread_timeout
 .text._rt_thread_init.constprop.0
                0x000000000004d566       0x98 build/kernel/src/thread.o
 .text.rt_thread_init
                0x000000000004d5fe       0x3c build/kernel/src/thread.o
                0x000000000004d5fe                rt_thread_init
 .text.rt_thread_self
                0x000000000004d63a        0xa build/kernel/src/thread.o
                0x000000000004d63a                rt_thread_self
 .text.rt_thread_create
                0x000000000004d644       0x5e build/kernel/src/thread.o
                0x000000000004d644                rt_thread_create
 .text.rt_thread_delete
                0x000000000004d6a2       0x54 build/kernel/src/thread.o
                0x000000000004d6a2                rt_thread_delete
 .text.rt_thread_yield
                0x000000000004d6f6       0x66 build/kernel/src/thread.o
                0x000000000004d6f6                rt_thread_yield
 .text.rt_thread_suspend
                0x000000000004d75c       0x5c build/kernel/src/thread.o
                0x000000000004d75c                rt_thread_suspend
 .text.rt_thread_resume
                0x000000000004d7b8       0x5e build/kernel/src/thread.o
                0x000000000004d7b8                rt_thread_resume
 .text.rt_thread_startup
                0x000000000004d816       0x34 build/kernel/src/thread.o
                0x000000000004d816                rt_thread_startup
 .text.rt_thread_control
                0x000000000004d84a       0x98 build/kernel/src/thread.o
                0x000000000004d84a                rt_thread_control
 .text._rt_timer_remove
                0x000000000004d8e2       0x12 build/kernel/src/timer.o
 .text.rt_timer_init
                0x000000000004d8f4       0x4e build/kernel/src/timer.o
                0x000000000004d8f4                rt_timer_init
 .text.rt_timer_detach
                0x000000000004d942       0x2a build/kernel/src/timer.o
                0x000000000004d942                rt_timer_detach
 .text.rt_timer_start
                0x000000000004d96c       0x92 build/kernel/src/timer.o
                0x000000000004d96c                rt_timer_start
 .text.rt_timer_stop
                0x000000000004d9fe       0x46 build/kernel/src/timer.o
                0x000000000004d9fe                rt_timer_stop
 .text.rt_timer_control
                0x000000000004da44       0x3e build/kernel/src/timer.o
                0x000000000004da44                rt_timer_control
 .text.rt_timer_check
                0x000000000004da82       0xb0 build/kernel/src/timer.o
                0x000000000004da82                rt_timer_check
 .text.rt_system_timer_init
                0x000000000004db32        0xe build/kernel/src/timer.o
                0x000000000004db32                rt_system_timer_init
 .text.rt_system_timer_thread_init
                0x000000000004db40        0x2 build/kernel/src/timer.o
                0x000000000004db40                rt_system_timer_thread_init
 .text.print_stack_frame
                0x000000000004db42      0x1e0 build/kernel/libcpu/risc-v/scr1/interrupt.o
                0x000000000004db42                print_stack_frame
 .text.handle_trap
                0x000000000004dd22      0x1fa build/kernel/libcpu/risc-v/scr1/interrupt.o
                0x000000000004dd22                handle_trap
 .text.rt_hw_interrupt_init
                0x000000000004df1c       0x1c build/kernel/libcpu/risc-v/scr1/interrupt.o
                0x000000000004df1c                rt_hw_interrupt_init
 .text.rt_hw_interrupt_mask
                0x000000000004df38        0x4 build/kernel/libcpu/risc-v/scr1/interrupt.o
                0x000000000004df38                rt_hw_interrupt_mask
 .text.rt_hw_interrupt_umask
                0x000000000004df3c        0x4 build/kernel/libcpu/risc-v/scr1/interrupt.o
                0x000000000004df3c                rt_hw_interrupt_umask
 .text.rt_hw_interrupt_install
                0x000000000004df40       0x36 build/kernel/libcpu/risc-v/scr1/interrupt.o
                0x000000000004df40                rt_hw_interrupt_install
 .text.rt_soft_interrupt_install
                0x000000000004df76       0x14 build/kernel/libcpu/risc-v/scr1/interrupt.o
                0x000000000004df76                rt_soft_interrupt_install
 .text.rt_hw_stack_init
                0x000000000004df8a       0x34 build/kernel/libcpu/risc-v/scr1/stack.o
                0x000000000004df8a                rt_hw_stack_init
 .text          0x000000000004dfbe      0x13e build/kernel/libcpu/risc-v/scr1/context_gcc.o
                0x000000000004dfbe                rt_hw_interrupt_disable
                0x000000000004dfc4                rt_hw_interrupt_enable
                0x000000000004dfca                rt_hw_context_switch
                0x000000000004e074                rt_hw_context_switch_to
                0x000000000004e0c4                rt_hw_context_switch_interrupt
 *fill*         0x000000000004e0fc        0x4 
 .text.entry    0x000000000004e100       0xf6 build/kernel/libcpu/risc-v/scr1/entry_gcc.o
                0x000000000004e100                trap_entry
 .text.libc_system_init
                0x000000000004e1f6        0x4 build/kernel/components/libc/compilers/newlib/libc.o
                0x000000000004e1f6                libc_system_init
 .text._malloc_r
                0x000000000004e1fa       0x1c build/kernel/components/libc/compilers/newlib/syscalls.o
                0x000000000004e1fa                _malloc_r
 .text._realloc_r
                0x000000000004e216       0x1e build/kernel/components/libc/compilers/newlib/syscalls.o
                0x000000000004e216                _realloc_r
 .text._free_r  0x000000000004e234        0x6 build/kernel/components/libc/compilers/newlib/syscalls.o
                0x000000000004e234                _free_r
 .text.rt_i2c_core_init
                0x000000000004e23a        0x4 build/kernel/components/drivers/i2c/i2c_core.o
                0x000000000004e23a                rt_i2c_core_init
 .text.rt_i2c_bus_device_register
                0x000000000004e23e       0x36 build/kernel/components/drivers/i2c/i2c_core.o
                0x000000000004e23e                rt_i2c_bus_device_register
 .text.rt_i2c_transfer
                0x000000000004e274       0x46 build/kernel/components/drivers/i2c/i2c_core.o
                0x000000000004e274                rt_i2c_transfer
 .text.rt_i2c_master_send
                0x000000000004e2ba       0x30 build/kernel/components/drivers/i2c/i2c_core.o
                0x000000000004e2ba                rt_i2c_master_send
 .text.rt_i2c_master_recv
                0x000000000004e2ea       0x34 build/kernel/components/drivers/i2c/i2c_core.o
                0x000000000004e2ea                rt_i2c_master_recv
 .text.i2c_bus_device_control
                0x000000000004e31e       0x68 build/kernel/components/drivers/i2c/i2c_dev.o
 .text.i2c_bus_device_write
                0x000000000004e386       0x12 build/kernel/components/drivers/i2c/i2c_dev.o
 .text.i2c_bus_device_read
                0x000000000004e398       0x12 build/kernel/components/drivers/i2c/i2c_dev.o
 .text.rt_i2c_bus_device_device_init
                0x000000000004e3aa       0x42 build/kernel/components/drivers/i2c/i2c_dev.o
                0x000000000004e3aa                rt_i2c_bus_device_device_init
 .text.rt_completion_init
                0x000000000004e3ec       0x22 build/kernel/components/drivers/src/completion.o
                0x000000000004e3ec                rt_completion_init
 .text.rt_completion_wait
                0x000000000004e40e       0x98 build/kernel/components/drivers/src/completion.o
                0x000000000004e40e                rt_completion_wait
 .text.rt_completion_done
                0x000000000004e4a6       0x5c build/kernel/components/drivers/src/completion.o
                0x000000000004e4a6                rt_completion_done
 .text._pin_control
                0x000000000004e502       0x22 build/kernel/components/drivers/misc/pin.o
 .text._pin_read
                0x000000000004e524       0x32 build/kernel/components/drivers/misc/pin.o
 .text._pin_write
                0x000000000004e556       0x2e build/kernel/components/drivers/misc/pin.o
 .text.rt_device_pin_register
                0x000000000004e584       0x58 build/kernel/components/drivers/misc/pin.o
                0x000000000004e584                rt_device_pin_register
 .text._adc_read
                0x000000000004e5dc       0x48 build/kernel/components/drivers/misc/adc.o
 .text._adc_control
                0x000000000004e624       0x20 build/kernel/components/drivers/misc/adc.o
 .text.rt_hw_adc_register
                0x000000000004e644       0x32 build/kernel/components/drivers/misc/adc.o
                0x000000000004e644                rt_hw_adc_register
 .text.rt_adc_read
                0x000000000004e676       0x1a build/kernel/components/drivers/misc/adc.o
                0x000000000004e676                rt_adc_read
 .text._pwm_control
                0x000000000004e690        0xc build/kernel/components/drivers/misc/rt_drv_pwm.o
 .text._pwm_read
                0x000000000004e69c       0x4c build/kernel/components/drivers/misc/rt_drv_pwm.o
 .text._pwm_write
                0x000000000004e6e8       0x5c build/kernel/components/drivers/misc/rt_drv_pwm.o
 .text.rt_device_pwm_register
                0x000000000004e744       0x5e build/kernel/components/drivers/misc/rt_drv_pwm.o
                0x000000000004e744                rt_device_pwm_register
 .text.rt_pwm_enable
                0x000000000004e7a2       0x34 build/kernel/components/drivers/misc/rt_drv_pwm.o
                0x000000000004e7a2                rt_pwm_enable
 .text.rt_pwm_set_internal
                0x000000000004e7d6       0x58 build/kernel/components/drivers/misc/rt_drv_pwm.o
                0x000000000004e7d6                rt_pwm_set_internal
 .text.AecRegMapFloat.constprop.0.isra.0
                0x000000000004e82e      0x324 /opt/aiglass_dev_env/sysdrv/source/mcu/rt-thread/applications/battery-ipc/lib/libfastae_gcc.a(ae.o)
 .text.AecInit.isra.0
                0x000000000004eb52      0x6d4 /opt/aiglass_dev_env/sysdrv/source/mcu/rt-thread/applications/battery-ipc/lib/libfastae_gcc.a(ae.o)
 .text.AecDcgConvForAIQ.isra.0
                0x000000000004f226       0x96 /opt/aiglass_dev_env/sysdrv/source/mcu/rt-thread/applications/battery-ipc/lib/libfastae_gcc.a(ae.o)
 .text.AecDcgConvertion.isra.0
                0x000000000004f2bc       0x56 /opt/aiglass_dev_env/sysdrv/source/mcu/rt-thread/applications/battery-ipc/lib/libfastae_gcc.a(ae.o)
 .text.AutoFpsForAIQ.isra.0
                0x000000000004f312       0xca /opt/aiglass_dev_env/sysdrv/source/mcu/rt-thread/applications/battery-ipc/lib/libfastae_gcc.a(ae.o)
 .text.AE_CalcNewExposure.isra.0
                0x000000000004f3dc      0x114 /opt/aiglass_dev_env/sysdrv/source/mcu/rt-thread/applications/battery-ipc/lib/libfastae_gcc.a(ae.o)
 .text.EcmExecuteDirect.isra.0
                0x000000000004f4f0      0x2fe /opt/aiglass_dev_env/sysdrv/source/mcu/rt-thread/applications/battery-ipc/lib/libfastae_gcc.a(ae.o)
 .text.EcmExecuteForAIQ.isra.0
                0x000000000004f7ee      0x2d0 /opt/aiglass_dev_env/sysdrv/source/mcu/rt-thread/applications/battery-ipc/lib/libfastae_gcc.a(ae.o)
 .text.AecRegCalculation.isra.0
                0x000000000004fabe      0x39c /opt/aiglass_dev_env/sysdrv/source/mcu/rt-thread/applications/battery-ipc/lib/libfastae_gcc.a(ae.o)
 .text.AecHdrDyTarget.isra.0
                0x000000000004fe5a      0x124 /opt/aiglass_dev_env/sysdrv/source/mcu/rt-thread/applications/battery-ipc/lib/libfastae_gcc.a(ae.o)
 .text.AecHdrDyRatio.isra.0
                0x000000000004ff7e      0x11c /opt/aiglass_dev_env/sysdrv/source/mcu/rt-thread/applications/battery-ipc/lib/libfastae_gcc.a(ae.o)
 .text.AecDynamicTarget.isra.0
                0x000000000005009a       0xaa /opt/aiglass_dev_env/sysdrv/source/mcu/rt-thread/applications/battery-ipc/lib/libfastae_gcc.a(ae.o)
 .text.AecMeanLuma.isra.0
                0x0000000000050144       0xfe /opt/aiglass_dev_env/sysdrv/source/mcu/rt-thread/applications/battery-ipc/lib/libfastae_gcc.a(ae.o)
 .text.FixPrint
                0x0000000000050242       0xd8 /opt/aiglass_dev_env/sysdrv/source/mcu/rt-thread/applications/battery-ipc/lib/libfastae_gcc.a(ae.o)
                0x0000000000050242                FixPrint
 .text.DayOrNightStatus
                0x000000000005031a      0x1a8 /opt/aiglass_dev_env/sysdrv/source/mcu/rt-thread/applications/battery-ipc/lib/libfastae_gcc.a(ae.o)
                0x000000000005031a                DayOrNightStatus
 .text.AdcTableCalcLux
                0x00000000000504c2      0x116 /opt/aiglass_dev_env/sysdrv/source/mcu/rt-thread/applications/battery-ipc/lib/libfastae_gcc.a(ae.o)
                0x00000000000504c2                AdcTableCalcLux
 .text.FastAeInit
                0x00000000000505d8       0xc4 /opt/aiglass_dev_env/sysdrv/source/mcu/rt-thread/applications/battery-ipc/lib/libfastae_gcc.a(ae.o)
                0x00000000000505d8                FastAeInit
 .text.FastAeNightInit
                0x000000000005069c       0x1a /opt/aiglass_dev_env/sysdrv/source/mcu/rt-thread/applications/battery-ipc/lib/libfastae_gcc.a(ae.o)
                0x000000000005069c                FastAeNightInit
 .text.FastAeRelease
                0x00000000000506b6       0x28 /opt/aiglass_dev_env/sysdrv/source/mcu/rt-thread/applications/battery-ipc/lib/libfastae_gcc.a(ae.o)
                0x00000000000506b6                FastAeRelease
 .text.FastAeRun
                0x00000000000506de      0xa6e /opt/aiglass_dev_env/sysdrv/source/mcu/rt-thread/applications/battery-ipc/lib/libfastae_gcc.a(ae.o)
                0x00000000000506de                FastAeRun
 .text.FastAeInitExpCalc
                0x000000000005114c      0x4ce /opt/aiglass_dev_env/sysdrv/source/mcu/rt-thread/applications/battery-ipc/lib/libfastae_gcc.a(ae.o)
                0x000000000005114c                FastAeInitExpCalc
 .text.FastAeNightExpCalc
                0x000000000005161a      0x2c8 /opt/aiglass_dev_env/sysdrv/source/mcu/rt-thread/applications/battery-ipc/lib/libfastae_gcc.a(ae.o)
                0x000000000005161a                FastAeNightExpCalc
 .text.FastAeSecInit
                0x00000000000518e2       0x66 /opt/aiglass_dev_env/sysdrv/source/mcu/rt-thread/applications/battery-ipc/lib/libfastae_gcc.a(ae.o)
                0x00000000000518e2                FastAeSecInit
 .text.FastAeMainMapSec
                0x0000000000051948      0x370 /opt/aiglass_dev_env/sysdrv/source/mcu/rt-thread/applications/battery-ipc/lib/libfastae_gcc.a(ae.o)
                0x0000000000051948                FastAeMainMapSec
 .text.calc_wbgain
                0x0000000000051cb8       0xbe /opt/aiglass_dev_env/sysdrv/source/mcu/rt-thread/applications/battery-ipc/lib/libfastawb_gcc.a(awb.o)
                0x0000000000051cb8                calc_wbgain
 .text.atoi     0x0000000000051d76        0x6 /opt/aiglass_dev_env/sysdrv/source/mcu/prebuilts/gcc/linux-x86/riscv64/xpack-riscv-none-embed-gcc-10.2.0-1.2/bin/../lib/gcc/riscv-none-embed/10.2.0/../../../../riscv-none-embed/lib/rv32imc/ilp32/libc_nano.a(lib_a-atoi.o)
                0x0000000000051d76                atoi
 .text.memcpy   0x0000000000051d7c       0xdc /opt/aiglass_dev_env/sysdrv/source/mcu/prebuilts/gcc/linux-x86/riscv64/xpack-riscv-none-embed-gcc-10.2.0-1.2/bin/../lib/gcc/riscv-none-embed/10.2.0/../../../../riscv-none-embed/lib/rv32imc/ilp32/libc_nano.a(lib_a-memcpy.o)
                0x0000000000051d7c                memcpy
 .text          0x0000000000051e58       0xa8 /opt/aiglass_dev_env/sysdrv/source/mcu/prebuilts/gcc/linux-x86/riscv64/xpack-riscv-none-embed-gcc-10.2.0-1.2/bin/../lib/gcc/riscv-none-embed/10.2.0/../../../../riscv-none-embed/lib/rv32imc/ilp32/libc_nano.a(lib_a-memset.o)
                0x0000000000051e58                memset
 .text.sprintf  0x0000000000051f00       0x46 /opt/aiglass_dev_env/sysdrv/source/mcu/prebuilts/gcc/linux-x86/riscv64/xpack-riscv-none-embed-gcc-10.2.0-1.2/bin/../lib/gcc/riscv-none-embed/10.2.0/../../../../riscv-none-embed/lib/rv32imc/ilp32/libc_nano.a(lib_a-sprintf.o)
                0x0000000000051f00                sprintf
                0x0000000000051f00                siprintf
 .text          0x0000000000051f46      0x11e /opt/aiglass_dev_env/sysdrv/source/mcu/prebuilts/gcc/linux-x86/riscv64/xpack-riscv-none-embed-gcc-10.2.0-1.2/bin/../lib/gcc/riscv-none-embed/10.2.0/../../../../riscv-none-embed/lib/rv32imc/ilp32/libc_nano.a(lib_a-strcmp.o)
                0x0000000000051f46                strcmp
 .text.strlen   0x0000000000052064       0x12 /opt/aiglass_dev_env/sysdrv/source/mcu/prebuilts/gcc/linux-x86/riscv64/xpack-riscv-none-embed-gcc-10.2.0-1.2/bin/../lib/gcc/riscv-none-embed/10.2.0/../../../../riscv-none-embed/lib/rv32imc/ilp32/libc_nano.a(lib_a-strlen.o)
                0x0000000000052064                strlen
 .text._strtol_l.constprop.0
                0x0000000000052076      0x138 /opt/aiglass_dev_env/sysdrv/source/mcu/prebuilts/gcc/linux-x86/riscv64/xpack-riscv-none-embed-gcc-10.2.0-1.2/bin/../lib/gcc/riscv-none-embed/10.2.0/../../../../riscv-none-embed/lib/rv32imc/ilp32/libc_nano.a(lib_a-strtol.o)
 .text.strtol   0x00000000000521ae       0x12 /opt/aiglass_dev_env/sysdrv/source/mcu/prebuilts/gcc/linux-x86/riscv64/xpack-riscv-none-embed-gcc-10.2.0-1.2/bin/../lib/gcc/riscv-none-embed/10.2.0/../../../../riscv-none-embed/lib/rv32imc/ilp32/libc_nano.a(lib_a-strtol.o)
                0x00000000000521ae                strtol
 .text.__errno  0x00000000000521c0        0xa /opt/aiglass_dev_env/sysdrv/source/mcu/prebuilts/gcc/linux-x86/riscv64/xpack-riscv-none-embed-gcc-10.2.0-1.2/bin/../lib/gcc/riscv-none-embed/10.2.0/../../../../riscv-none-embed/lib/rv32imc/ilp32/libc_nano.a(lib_a-errno.o)
                0x00000000000521c0                __errno
 .text.__ssputs_r
                0x00000000000521ca       0xea /opt/aiglass_dev_env/sysdrv/source/mcu/prebuilts/gcc/linux-x86/riscv64/xpack-riscv-none-embed-gcc-10.2.0-1.2/bin/../lib/gcc/riscv-none-embed/10.2.0/../../../../riscv-none-embed/lib/rv32imc/ilp32/libc_nano.a(lib_a-nano-svfprintf.o)
                0x00000000000521ca                __ssputs_r
 .text._svfprintf_r
                0x00000000000522b4      0x274 /opt/aiglass_dev_env/sysdrv/source/mcu/prebuilts/gcc/linux-x86/riscv64/xpack-riscv-none-embed-gcc-10.2.0-1.2/bin/../lib/gcc/riscv-none-embed/10.2.0/../../../../riscv-none-embed/lib/rv32imc/ilp32/libc_nano.a(lib_a-nano-svfprintf.o)
                0x00000000000522b4                _svfprintf_r
                0x00000000000522b4                _svfiprintf_r
 .text._printf_common
                0x0000000000052528      0x10c /opt/aiglass_dev_env/sysdrv/source/mcu/prebuilts/gcc/linux-x86/riscv64/xpack-riscv-none-embed-gcc-10.2.0-1.2/bin/../lib/gcc/riscv-none-embed/10.2.0/../../../../riscv-none-embed/lib/rv32imc/ilp32/libc_nano.a(lib_a-nano-vfprintf_i.o)
                0x0000000000052528                _printf_common
 .text._printf_i
                0x0000000000052634      0x272 /opt/aiglass_dev_env/sysdrv/source/mcu/prebuilts/gcc/linux-x86/riscv64/xpack-riscv-none-embed-gcc-10.2.0-1.2/bin/../lib/gcc/riscv-none-embed/10.2.0/../../../../riscv-none-embed/lib/rv32imc/ilp32/libc_nano.a(lib_a-nano-vfprintf_i.o)
                0x0000000000052634                _printf_i
 .text.memchr   0x00000000000528a6       0x1a /opt/aiglass_dev_env/sysdrv/source/mcu/prebuilts/gcc/linux-x86/riscv64/xpack-riscv-none-embed-gcc-10.2.0-1.2/bin/../lib/gcc/riscv-none-embed/10.2.0/../../../../riscv-none-embed/lib/rv32imc/ilp32/libc_nano.a(lib_a-memchr.o)
                0x00000000000528a6                memchr
 .text.memmove  0x00000000000528c0       0x4a /opt/aiglass_dev_env/sysdrv/source/mcu/prebuilts/gcc/linux-x86/riscv64/xpack-riscv-none-embed-gcc-10.2.0-1.2/bin/../lib/gcc/riscv-none-embed/10.2.0/../../../../riscv-none-embed/lib/rv32imc/ilp32/libc_nano.a(lib_a-memmove-stub.o)
                0x00000000000528c0                memmove
 .text.__ffssi2
                0x000000000005290a       0x78 /opt/aiglass_dev_env/sysdrv/source/mcu/prebuilts/gcc/linux-x86/riscv64/xpack-riscv-none-embed-gcc-10.2.0-1.2/bin/../lib/gcc/riscv-none-embed/10.2.0/rv32imc/ilp32/libgcc.a(_ffssi2.o)
                0x000000000005290a                __ffssi2
 .text.__divdi3
                0x0000000000052982      0x3e0 /opt/aiglass_dev_env/sysdrv/source/mcu/prebuilts/gcc/linux-x86/riscv64/xpack-riscv-none-embed-gcc-10.2.0-1.2/bin/../lib/gcc/riscv-none-embed/10.2.0/rv32imc/ilp32/libgcc.a(_divdi3.o)
                0x0000000000052982                __divdi3
 .text.__udivdi3
                0x0000000000052d62      0x3a4 /opt/aiglass_dev_env/sysdrv/source/mcu/prebuilts/gcc/linux-x86/riscv64/xpack-riscv-none-embed-gcc-10.2.0-1.2/bin/../lib/gcc/riscv-none-embed/10.2.0/rv32imc/ilp32/libgcc.a(_udivdi3.o)
                0x0000000000052d62                __udivdi3
 .text.__addsf3
                0x0000000000053106      0x396 /opt/aiglass_dev_env/sysdrv/source/mcu/prebuilts/gcc/linux-x86/riscv64/xpack-riscv-none-embed-gcc-10.2.0-1.2/bin/../lib/gcc/riscv-none-embed/10.2.0/rv32imc/ilp32/libgcc.a(addsf3.o)
                0x0000000000053106                __addsf3
 .text.__divsf3
                0x000000000005349c      0x2a4 /opt/aiglass_dev_env/sysdrv/source/mcu/prebuilts/gcc/linux-x86/riscv64/xpack-riscv-none-embed-gcc-10.2.0-1.2/bin/../lib/gcc/riscv-none-embed/10.2.0/rv32imc/ilp32/libgcc.a(divsf3.o)
                0x000000000005349c                __divsf3
 .text.__gesf2  0x0000000000053740       0x82 /opt/aiglass_dev_env/sysdrv/source/mcu/prebuilts/gcc/linux-x86/riscv64/xpack-riscv-none-embed-gcc-10.2.0-1.2/bin/../lib/gcc/riscv-none-embed/10.2.0/rv32imc/ilp32/libgcc.a(gesf2.o)
                0x0000000000053740                __gtsf2
                0x0000000000053740                __gesf2
 .text.__mulsf3
                0x00000000000537c2      0x288 /opt/aiglass_dev_env/sysdrv/source/mcu/prebuilts/gcc/linux-x86/riscv64/xpack-riscv-none-embed-gcc-10.2.0-1.2/bin/../lib/gcc/riscv-none-embed/10.2.0/rv32imc/ilp32/libgcc.a(mulsf3.o)
                0x00000000000537c2                __mulsf3
 .text.__fixsfsi
                0x0000000000053a4a       0x62 /opt/aiglass_dev_env/sysdrv/source/mcu/prebuilts/gcc/linux-x86/riscv64/xpack-riscv-none-embed-gcc-10.2.0-1.2/bin/../lib/gcc/riscv-none-embed/10.2.0/rv32imc/ilp32/libgcc.a(fixsfsi.o)
                0x0000000000053a4a                __fixsfsi
 .text.__fixunssfsi
                0x0000000000053aac       0x5c /opt/aiglass_dev_env/sysdrv/source/mcu/prebuilts/gcc/linux-x86/riscv64/xpack-riscv-none-embed-gcc-10.2.0-1.2/bin/../lib/gcc/riscv-none-embed/10.2.0/rv32imc/ilp32/libgcc.a(fixunssfsi.o)
                0x0000000000053aac                __fixunssfsi
 .text.__floatsisf
                0x0000000000053b08       0xd0 /opt/aiglass_dev_env/sysdrv/source/mcu/prebuilts/gcc/linux-x86/riscv64/xpack-riscv-none-embed-gcc-10.2.0-1.2/bin/../lib/gcc/riscv-none-embed/10.2.0/rv32imc/ilp32/libgcc.a(floatsisf.o)
                0x0000000000053b08                __floatsisf
 .text.__floatunsisf
                0x0000000000053bd8       0xca /opt/aiglass_dev_env/sysdrv/source/mcu/prebuilts/gcc/linux-x86/riscv64/xpack-riscv-none-embed-gcc-10.2.0-1.2/bin/../lib/gcc/riscv-none-embed/10.2.0/rv32imc/ilp32/libgcc.a(floatunsisf.o)
                0x0000000000053bd8                __floatunsisf
 .text.__fixsfdi
                0x0000000000053ca2       0x96 /opt/aiglass_dev_env/sysdrv/source/mcu/prebuilts/gcc/linux-x86/riscv64/xpack-riscv-none-embed-gcc-10.2.0-1.2/bin/../lib/gcc/riscv-none-embed/10.2.0/rv32imc/ilp32/libgcc.a(fixsfdi.o)
                0x0000000000053ca2                __fixsfdi
 .text.__clzsi2
                0x0000000000053d38       0x76 /opt/aiglass_dev_env/sysdrv/source/mcu/prebuilts/gcc/linux-x86/riscv64/xpack-riscv-none-embed-gcc-10.2.0-1.2/bin/../lib/gcc/riscv-none-embed/10.2.0/rv32imc/ilp32/libgcc.a(_clzsi2.o)
                0x0000000000053d38                __clzsi2
 *(sc_test_section)
                0x0000000000053db0                . = ALIGN (0x4)
 *fill*         0x0000000000053dae        0x2 
                0x0000000000053db0                __fsymtab_start = .
 *(FSymTab)
                0x0000000000053db0                __fsymtab_end = .
                0x0000000000053db0                . = ALIGN (0x4)
                0x0000000000053db0                __vsymtab_start = .
 *(VSymTab)
                0x0000000000053db0                __vsymtab_end = .
                0x0000000000053db0                . = ALIGN (0x4)
                0x0000000000053db0                . = ALIGN (0x4)
                0x0000000000053db0                __rt_init_start = .
 *(SORT_BY_NAME(.rti_fn*))
 .rti_fn.0      0x0000000000053db0        0x4 build/kernel/src/components.o
                0x0000000000053db0                __rt_init_rti_start
 .rti_fn.0.end  0x0000000000053db4        0x4 build/kernel/src/components.o
                0x0000000000053db4                __rt_init_rti_board_start
 .rti_fn.1      0x0000000000053db8        0x4 build/common/drivers/drv_clock.o
                0x0000000000053db8                __rt_init_clock_dev_init
 .rti_fn.1      0x0000000000053dbc        0x4 build/common/drivers/drv_gpio.o
                0x0000000000053dbc                __rt_init_rt_hw_gpio_init
 .rti_fn.1      0x0000000000053dc0        0x4 build/common/drivers/drv_pstore.o
                0x0000000000053dc0                __rt_init_pstore_dev_init
 .rti_fn.1      0x0000000000053dc4        0x4 build/common/drivers/drv_saradc.o
                0x0000000000053dc4                __rt_init_rk_saradc_init
 .rti_fn.1.end  0x0000000000053dc8        0x4 build/kernel/src/components.o
                0x0000000000053dc8                __rt_init_rti_board_end
 .rti_fn.2      0x0000000000053dcc        0x4 build/common/drivers/drv_i2c.o
                0x0000000000053dcc                __rt_init_rockchip_rt_hw_i2c_init
 .rti_fn.3      0x0000000000053dd0        0x4 build/common/drivers/drv_pwm.o
                0x0000000000053dd0                __rt_init_rockchip_rt_hw_pwm_init
 .rti_fn.3      0x0000000000053dd4        0x4 build/common/drivers/isp3/drv_isp3.o
                0x0000000000053dd4                __rt_init_rk_device_isp_init
 .rti_fn.3      0x0000000000053dd8        0x4 build/common/drivers/camera/drv_sc200ai.o
                0x0000000000053dd8                __rt_init_rk_camera_sc200ai_init
 .rti_fn.4      0x0000000000053ddc        0x4 build/kernel/components/libc/compilers/newlib/libc.o
                0x0000000000053ddc                __rt_init_libc_system_init
 .rti_fn.4      0x0000000000053de0        0x4 build/kernel/components/drivers/i2c/i2c_core.o
                0x0000000000053de0                __rt_init_rt_i2c_core_init
 .rti_fn.6      0x0000000000053de4        0x4 build/applications/battery-ipc/stream.o
                0x0000000000053de4                __rt_init_isp_stream
 .rti_fn.6.end  0x0000000000053de8        0x4 build/kernel/src/components.o
                0x0000000000053de8                __rt_init_rti_end